<?xml version="1.0"?>
<link_info>
   <banner>TMS320C6x Linker Unix v8.2.0</banner>
   <copyright>Copyright (c) 1996-2017 Texas Instruments Incorporated</copyright>
   <link_time>0x593ea340</link_time>
   <link_errors>0x0</link_errors>
   <output_file>UART-ECHO.out</output_file>
   <entry_point>
      <name>_c_int00</name>
      <address>0x80017640</address>
   </entry_point>
   <input_file_list>
      <input_file id="fl-2">
         <path>./</path>
         <kind>object</kind>
         <file>DSPF_sp_mat_mul.obj</file>
         <name>DSPF_sp_mat_mul.obj</name>
      </input_file>
      <input_file id="fl-3">
         <path>./</path>
         <kind>object</kind>
         <file>DSPF_sp_mat_mul_cn.obj</file>
         <name>DSPF_sp_mat_mul_cn.obj</name>
      </input_file>
      <input_file id="fl-4">
         <path>./</path>
         <kind>object</kind>
         <file>DSPF_sp_mat_mul_opt.obj</file>
         <name>DSPF_sp_mat_mul_opt.obj</name>
      </input_file>
      <input_file id="fl-5">
         <path>./</path>
         <kind>object</kind>
         <file>diskio.obj</file>
         <name>diskio.obj</name>
      </input_file>
      <input_file id="fl-6">
         <path>./</path>
         <kind>object</kind>
         <file>ff.obj</file>
         <name>ff.obj</name>
      </input_file>
      <input_file id="fl-7">
         <path>./</path>
         <kind>object</kind>
         <file>main.obj</file>
         <name>main.obj</name>
      </input_file>
      <input_file id="fl-10">
         <kind>object</kind>
         <file>&lt;internal&gt;</file>
         <name>&lt;internal&gt;</name>
      </input_file>
      <input_file id="fl-2a">
         <path>/opt/ti/ccsv7/tools/compiler/ti-cgt-c6000_8.2.0/lib/</path>
         <kind>archive</kind>
         <file>rts6740_elf.lib</file>
         <name>boot.obj</name>
      </input_file>
      <input_file id="fl-2b">
         <path>/opt/ti/ccsv7/tools/compiler/ti-cgt-c6000_8.2.0/lib/</path>
         <kind>archive</kind>
         <file>rts6740_elf.lib</file>
         <name>copy_decompress_lzss.obj</name>
      </input_file>
      <input_file id="fl-2c">
         <path>/opt/ti/ccsv7/tools/compiler/ti-cgt-c6000_8.2.0/lib/</path>
         <kind>archive</kind>
         <file>rts6740_elf.lib</file>
         <name>copy_decompress_none.obj</name>
      </input_file>
      <input_file id="fl-2d">
         <path>/opt/ti/ccsv7/tools/compiler/ti-cgt-c6000_8.2.0/lib/</path>
         <kind>archive</kind>
         <file>rts6740_elf.lib</file>
         <name>copy_zero_init.obj</name>
      </input_file>
      <input_file id="fl-2e">
         <path>/opt/ti/ccsv7/tools/compiler/ti-cgt-c6000_8.2.0/lib/</path>
         <kind>archive</kind>
         <file>rts6740_elf.lib</file>
         <name>divu.obj</name>
      </input_file>
      <input_file id="fl-2f">
         <path>/opt/ti/ccsv7/tools/compiler/ti-cgt-c6000_8.2.0/lib/</path>
         <kind>archive</kind>
         <file>rts6740_elf.lib</file>
         <name>exit.obj</name>
      </input_file>
      <input_file id="fl-30">
         <path>/opt/ti/ccsv7/tools/compiler/ti-cgt-c6000_8.2.0/lib/</path>
         <kind>archive</kind>
         <file>rts6740_elf.lib</file>
         <name>memcpy64.obj</name>
      </input_file>
      <input_file id="fl-31">
         <path>/opt/ti/ccsv7/tools/compiler/ti-cgt-c6000_8.2.0/lib/</path>
         <kind>archive</kind>
         <file>rts6740_elf.lib</file>
         <name>memset.obj</name>
      </input_file>
      <input_file id="fl-32">
         <path>/opt/ti/ccsv7/tools/compiler/ti-cgt-c6000_8.2.0/lib/</path>
         <kind>archive</kind>
         <file>rts6740_elf.lib</file>
         <name>pre_init.obj</name>
      </input_file>
      <input_file id="fl-33">
         <path>/opt/ti/ccsv7/tools/compiler/ti-cgt-c6000_8.2.0/lib/</path>
         <kind>archive</kind>
         <file>rts6740_elf.lib</file>
         <name>printf.obj</name>
      </input_file>
      <input_file id="fl-34">
         <path>/opt/ti/ccsv7/tools/compiler/ti-cgt-c6000_8.2.0/lib/</path>
         <kind>archive</kind>
         <file>rts6740_elf.lib</file>
         <name>_lock.obj</name>
      </input_file>
      <input_file id="fl-35">
         <path>/opt/ti/ccsv7/tools/compiler/ti-cgt-c6000_8.2.0/lib/</path>
         <kind>archive</kind>
         <file>rts6740_elf.lib</file>
         <name>_printfi.obj</name>
      </input_file>
      <input_file id="fl-36">
         <path>/opt/ti/ccsv7/tools/compiler/ti-cgt-c6000_8.2.0/lib/</path>
         <kind>archive</kind>
         <file>rts6740_elf.lib</file>
         <name>args_main.obj</name>
      </input_file>
      <input_file id="fl-37">
         <path>/opt/ti/ccsv7/tools/compiler/ti-cgt-c6000_8.2.0/lib/</path>
         <kind>archive</kind>
         <file>rts6740_elf.lib</file>
         <name>atoi.obj</name>
      </input_file>
      <input_file id="fl-38">
         <path>/opt/ti/ccsv7/tools/compiler/ti-cgt-c6000_8.2.0/lib/</path>
         <kind>archive</kind>
         <file>rts6740_elf.lib</file>
         <name>autoinit.obj</name>
      </input_file>
      <input_file id="fl-39">
         <path>/opt/ti/ccsv7/tools/compiler/ti-cgt-c6000_8.2.0/lib/</path>
         <kind>archive</kind>
         <file>rts6740_elf.lib</file>
         <name>cpy_tbl.obj</name>
      </input_file>
      <input_file id="fl-3a">
         <path>/opt/ti/ccsv7/tools/compiler/ti-cgt-c6000_8.2.0/lib/</path>
         <kind>archive</kind>
         <file>rts6740_elf.lib</file>
         <name>ctype.obj</name>
      </input_file>
      <input_file id="fl-3b">
         <path>/opt/ti/ccsv7/tools/compiler/ti-cgt-c6000_8.2.0/lib/</path>
         <kind>archive</kind>
         <file>rts6740_elf.lib</file>
         <name>defs.obj</name>
      </input_file>
      <input_file id="fl-3c">
         <path>/opt/ti/ccsv7/tools/compiler/ti-cgt-c6000_8.2.0/lib/</path>
         <kind>archive</kind>
         <file>rts6740_elf.lib</file>
         <name>divd.obj</name>
      </input_file>
      <input_file id="fl-3d">
         <path>/opt/ti/ccsv7/tools/compiler/ti-cgt-c6000_8.2.0/lib/</path>
         <kind>archive</kind>
         <file>rts6740_elf.lib</file>
         <name>fputc.obj</name>
      </input_file>
      <input_file id="fl-3e">
         <path>/opt/ti/ccsv7/tools/compiler/ti-cgt-c6000_8.2.0/lib/</path>
         <kind>archive</kind>
         <file>rts6740_elf.lib</file>
         <name>fputs.obj</name>
      </input_file>
      <input_file id="fl-3f">
         <path>/opt/ti/ccsv7/tools/compiler/ti-cgt-c6000_8.2.0/lib/</path>
         <kind>archive</kind>
         <file>rts6740_elf.lib</file>
         <name>frcmpyd_div.obj</name>
      </input_file>
      <input_file id="fl-40">
         <path>/opt/ti/ccsv7/tools/compiler/ti-cgt-c6000_8.2.0/lib/</path>
         <kind>archive</kind>
         <file>rts6740_elf.lib</file>
         <name>frexp.obj</name>
      </input_file>
      <input_file id="fl-41">
         <path>/opt/ti/ccsv7/tools/compiler/ti-cgt-c6000_8.2.0/lib/</path>
         <kind>archive</kind>
         <file>rts6740_elf.lib</file>
         <name>imath40.obj</name>
      </input_file>
      <input_file id="fl-42">
         <path>/opt/ti/ccsv7/tools/compiler/ti-cgt-c6000_8.2.0/lib/</path>
         <kind>archive</kind>
         <file>rts6740_elf.lib</file>
         <name>imath64.obj</name>
      </input_file>
      <input_file id="fl-43">
         <path>/opt/ti/ccsv7/tools/compiler/ti-cgt-c6000_8.2.0/lib/</path>
         <kind>archive</kind>
         <file>rts6740_elf.lib</file>
         <name>isinf.obj</name>
      </input_file>
      <input_file id="fl-44">
         <path>/opt/ti/ccsv7/tools/compiler/ti-cgt-c6000_8.2.0/lib/</path>
         <kind>archive</kind>
         <file>rts6740_elf.lib</file>
         <name>ldexp.obj</name>
      </input_file>
      <input_file id="fl-45">
         <path>/opt/ti/ccsv7/tools/compiler/ti-cgt-c6000_8.2.0/lib/</path>
         <kind>archive</kind>
         <file>rts6740_elf.lib</file>
         <name>llabs.obj</name>
      </input_file>
      <input_file id="fl-46">
         <path>/opt/ti/ccsv7/tools/compiler/ti-cgt-c6000_8.2.0/lib/</path>
         <kind>archive</kind>
         <file>rts6740_elf.lib</file>
         <name>llshift.obj</name>
      </input_file>
      <input_file id="fl-47">
         <path>/opt/ti/ccsv7/tools/compiler/ti-cgt-c6000_8.2.0/lib/</path>
         <kind>archive</kind>
         <file>rts6740_elf.lib</file>
         <name>lowlev.obj</name>
      </input_file>
      <input_file id="fl-48">
         <path>/opt/ti/ccsv7/tools/compiler/ti-cgt-c6000_8.2.0/lib/</path>
         <kind>archive</kind>
         <file>rts6740_elf.lib</file>
         <name>ltoa.obj</name>
      </input_file>
      <input_file id="fl-49">
         <path>/opt/ti/ccsv7/tools/compiler/ti-cgt-c6000_8.2.0/lib/</path>
         <kind>archive</kind>
         <file>rts6740_elf.lib</file>
         <name>memccpy.obj</name>
      </input_file>
      <input_file id="fl-4a">
         <path>/opt/ti/ccsv7/tools/compiler/ti-cgt-c6000_8.2.0/lib/</path>
         <kind>archive</kind>
         <file>rts6740_elf.lib</file>
         <name>startup.obj</name>
      </input_file>
      <input_file id="fl-4b">
         <path>/opt/ti/ccsv7/tools/compiler/ti-cgt-c6000_8.2.0/lib/</path>
         <kind>archive</kind>
         <file>rts6740_elf.lib</file>
         <name>tls.obj</name>
      </input_file>
      <input_file id="fl-4c">
         <path>/opt/ti/ccsv7/tools/compiler/ti-cgt-c6000_8.2.0/lib/</path>
         <kind>archive</kind>
         <file>rts6740_elf.lib</file>
         <name>tls_get_tp.obj</name>
      </input_file>
      <input_file id="fl-4d">
         <path>/opt/ti/ccsv7/tools/compiler/ti-cgt-c6000_8.2.0/lib/</path>
         <kind>archive</kind>
         <file>rts6740_elf.lib</file>
         <name>trgdrv.obj</name>
      </input_file>
      <input_file id="fl-4e">
         <path>/opt/ti/ccsv7/tools/compiler/ti-cgt-c6000_8.2.0/lib/</path>
         <kind>archive</kind>
         <file>rts6740_elf.lib</file>
         <name>trgmsg.obj</name>
      </input_file>
      <input_file id="fl-4f">
         <path>/opt/ti/ccsv7/tools/compiler/ti-cgt-c6000_8.2.0/lib/</path>
         <kind>archive</kind>
         <file>rts6740_elf.lib</file>
         <name>_io_perm.obj</name>
      </input_file>
      <input_file id="fl-50">
         <path>/opt/ti/ccsv7/tools/compiler/ti-cgt-c6000_8.2.0/lib/</path>
         <kind>archive</kind>
         <file>rts6740_elf.lib</file>
         <name>errno.obj</name>
      </input_file>
      <input_file id="fl-51">
         <path>/opt/ti/ccsv7/tools/compiler/ti-cgt-c6000_8.2.0/lib/</path>
         <kind>archive</kind>
         <file>rts6740_elf.lib</file>
         <name>fflush.obj</name>
      </input_file>
      <input_file id="fl-52">
         <path>/opt/ti/ccsv7/tools/compiler/ti-cgt-c6000_8.2.0/lib/</path>
         <kind>archive</kind>
         <file>rts6740_elf.lib</file>
         <name>fseek.obj</name>
      </input_file>
      <input_file id="fl-53">
         <path>/opt/ti/ccsv7/tools/compiler/ti-cgt-c6000_8.2.0/lib/</path>
         <kind>archive</kind>
         <file>rts6740_elf.lib</file>
         <name>setvbuf.obj</name>
      </input_file>
      <input_file id="fl-54">
         <path>/opt/ti/ccsv7/tools/compiler/ti-cgt-c6000_8.2.0/lib/</path>
         <kind>archive</kind>
         <file>rts6740_elf.lib</file>
         <name>fopen.obj</name>
      </input_file>
      <input_file id="fl-55">
         <path>/opt/ti/ccsv7/tools/compiler/ti-cgt-c6000_8.2.0/lib/</path>
         <kind>archive</kind>
         <file>rts6740_elf.lib</file>
         <name>memory.obj</name>
      </input_file>
      <input_file id="fl-56">
         <path>/opt/ti/ccsv7/tools/compiler/ti-cgt-c6000_8.2.0/lib/</path>
         <kind>archive</kind>
         <file>rts6740_elf.lib</file>
         <name>fclose.obj</name>
      </input_file>
      <input_file id="fl-57">
         <path>/opt/ti/ccsv7/tools/compiler/ti-cgt-c6000_8.2.0/lib/</path>
         <kind>archive</kind>
         <file>rts6740_elf.lib</file>
         <name>remove.obj</name>
      </input_file>
      <input_file id="fl-58">
         <path>/opt/ti/OMAPL138_StarterWare_1_10_04_01/binary/c674x/cgt_ccs/omapl138/usblib/Debug/</path>
         <kind>archive</kind>
         <file>usblib.lib</file>
         <name>usbhmsc.obj</name>
      </input_file>
      <input_file id="fl-59">
         <path>/opt/ti/OMAPL138_StarterWare_1_10_04_01/binary/c674x/cgt_ccs/omapl138/usblib/Debug/</path>
         <kind>archive</kind>
         <file>usblib.lib</file>
         <name>usbdesc.obj</name>
      </input_file>
      <input_file id="fl-5a">
         <path>/opt/ti/OMAPL138_StarterWare_1_10_04_01/binary/c674x/cgt_ccs/omapl138/usblib/Debug/</path>
         <kind>archive</kind>
         <file>usblib.lib</file>
         <name>usbhscsi.obj</name>
      </input_file>
      <input_file id="fl-5b">
         <path>/opt/ti/OMAPL138_StarterWare_1_10_04_01/binary/c674x/cgt_ccs/omapl138/usblib/Debug/</path>
         <kind>archive</kind>
         <file>usblib.lib</file>
         <name>usbhostenum.obj</name>
      </input_file>
      <input_file id="fl-5c">
         <path>/opt/ti/OMAPL138_StarterWare_1_10_04_01/binary/c674x/cgt_ccs/omapl138/usblib/Debug/</path>
         <kind>archive</kind>
         <file>usblib.lib</file>
         <name>usbdata.obj</name>
      </input_file>
      <input_file id="fl-5d">
         <path>/opt/ti/OMAPL138_StarterWare_1_10_04_01/binary/c674x/cgt_ccs/omapl138/usblib/Debug/</path>
         <kind>archive</kind>
         <file>usblib.lib</file>
         <name>usbtick.obj</name>
      </input_file>
      <input_file id="fl-5e">
         <path>/opt/ti/OMAPL138_StarterWare_1_10_04_01/binary/c674x/cgt_ccs/utils/Debug/</path>
         <kind>archive</kind>
         <file>utils.lib</file>
         <name>delay.obj</name>
      </input_file>
      <input_file id="fl-5f">
         <path>/opt/ti/OMAPL138_StarterWare_1_10_04_01/binary/c674x/cgt_ccs/omapl138/system_config/Debug/</path>
         <kind>archive</kind>
         <file>system_config.lib</file>
         <name>interrupt.obj</name>
      </input_file>
      <input_file id="fl-60">
         <path>/opt/ti/OMAPL138_StarterWare_1_10_04_01/binary/c674x/cgt_ccs/omapl138/system_config/Debug/</path>
         <kind>archive</kind>
         <file>system_config.lib</file>
         <name>intvecs.obj</name>
      </input_file>
      <input_file id="fl-61">
         <path>/opt/ti/OMAPL138_StarterWare_1_10_04_01/binary/c674x/cgt_ccs/omapl138/drivers/Debug/</path>
         <kind>archive</kind>
         <file>drivers.lib</file>
         <name>usbphyGS60.obj</name>
      </input_file>
      <input_file id="fl-62">
         <path>/opt/ti/OMAPL138_StarterWare_1_10_04_01/binary/c674x/cgt_ccs/omapl138/drivers/Debug/</path>
         <kind>archive</kind>
         <file>drivers.lib</file>
         <name>usb.obj</name>
      </input_file>
      <input_file id="fl-63">
         <path>/opt/ti/OMAPL138_StarterWare_1_10_04_01/binary/c674x/cgt_ccs/omapl138/drivers/Debug/</path>
         <kind>archive</kind>
         <file>drivers.lib</file>
         <name>uart.obj</name>
      </input_file>
      <input_file id="fl-64">
         <path>/opt/ti/OMAPL138_StarterWare_1_10_04_01/binary/c674x/cgt_ccs/omapl138/drivers/Debug/</path>
         <kind>archive</kind>
         <file>drivers.lib</file>
         <name>psc.obj</name>
      </input_file>
      <input_file id="fl-65">
         <path>/opt/ti/OMAPL138_StarterWare_1_10_04_01/binary/c674x/cgt_ccs/omapl138/drivers/Debug/</path>
         <kind>archive</kind>
         <file>drivers.lib</file>
         <name>cppi41dma.obj</name>
      </input_file>
      <input_file id="fl-66">
         <path>/opt/ti/OMAPL138_StarterWare_1_10_04_01/binary/c674x/cgt_ccs/omapl138/lcdkOMAPL138/platform/Debug/</path>
         <kind>archive</kind>
         <file>platform.lib</file>
         <name>usb.obj</name>
      </input_file>
      <input_file id="fl-67">
         <path>/opt/ti/OMAPL138_StarterWare_1_10_04_01/binary/c674x/cgt_ccs/omapl138/lcdkOMAPL138/platform/Debug/</path>
         <kind>archive</kind>
         <file>platform.lib</file>
         <name>uart.obj</name>
      </input_file>
      <input_file id="fl-68">
         <path>/opt/ti/OMAPL138_StarterWare_1_10_04_01/binary/c674x/cgt_ccs/omapl138/lcdkOMAPL138/platform/Debug/</path>
         <kind>archive</kind>
         <file>platform.lib</file>
         <name>sysdelay.obj</name>
      </input_file>
      <input_file id="fl-69">
         <path>/opt/ti/OMAPL138_StarterWare_1_10_04_01/binary/c674x/cgt_ccs/omapl138/system_config/Debug/</path>
         <kind>archive</kind>
         <file>system_config.lib</file>
         <name>cache.obj</name>
      </input_file>
      <input_file id="fl-6a">
         <path>/opt/ti/OMAPL138_StarterWare_1_10_04_01/binary/c674x/cgt_ccs/omapl138/drivers/Debug/</path>
         <kind>archive</kind>
         <file>drivers.lib</file>
         <name>timer.obj</name>
      </input_file>
   </input_file_list>
   <object_component_list>
      <object_component id="oc-192">
         <name>.text:__TI_printfi</name>
         <load_address>0x8000d400</load_address>
         <run_address>0x8000d400</run_address>
         <size>0x1ce0</size>
         <input_file_ref idref="fl-35"/>
      </object_component>
      <object_component id="oc-3b">
         <name>.text:retain</name>
         <load_address>0x8000f0e0</load_address>
         <run_address>0x8000f0e0</run_address>
         <size>0x1aa0</size>
         <input_file_ref idref="fl-5f"/>
      </object_component>
      <object_component id="oc-9e">
         <name>.text</name>
         <load_address>0x80010b80</load_address>
         <run_address>0x80010b80</run_address>
         <size>0x740</size>
         <input_file_ref idref="fl-7"/>
      </object_component>
      <object_component id="oc-218">
         <name>.text:_pconv_a</name>
         <load_address>0x800112c0</load_address>
         <run_address>0x800112c0</run_address>
         <size>0x680</size>
         <input_file_ref idref="fl-35"/>
      </object_component>
      <object_component id="oc-120">
         <name>.text</name>
         <load_address>0x80011940</load_address>
         <run_address>0x80011940</run_address>
         <size>0x5e0</size>
         <input_file_ref idref="fl-5f"/>
      </object_component>
      <object_component id="oc-279">
         <name>.text:__c6xabi_divd</name>
         <load_address>0x80011f20</load_address>
         <run_address>0x80011f20</run_address>
         <size>0x5c0</size>
         <input_file_ref idref="fl-3c"/>
      </object_component>
      <object_component id="oc-11a">
         <name>.text</name>
         <load_address>0x800124e0</load_address>
         <run_address>0x800124e0</run_address>
         <size>0x580</size>
         <input_file_ref idref="fl-63"/>
      </object_component>
      <object_component id="oc-206">
         <name>.text:_pconv_g</name>
         <load_address>0x80012a60</load_address>
         <run_address>0x80012a60</run_address>
         <size>0x500</size>
         <input_file_ref idref="fl-35"/>
      </object_component>
      <object_component id="oc-30d">
         <name>.text:free</name>
         <load_address>0x80012f60</load_address>
         <run_address>0x80012f60</run_address>
         <size>0x440</size>
         <input_file_ref idref="fl-55"/>
      </object_component>
      <object_component id="oc-212">
         <name>.text:_pconv_e</name>
         <load_address>0x800133a0</load_address>
         <run_address>0x800133a0</run_address>
         <size>0x420</size>
         <input_file_ref idref="fl-35"/>
      </object_component>
      <object_component id="oc-1e7">
         <name>.text:fputs</name>
         <load_address>0x800137c0</load_address>
         <run_address>0x800137c0</run_address>
         <size>0x3e0</size>
         <input_file_ref idref="fl-3e"/>
      </object_component>
      <object_component id="oc-12c">
         <name>.text:optimized</name>
         <load_address>0x80013ba0</load_address>
         <run_address>0x80013ba0</run_address>
         <size>0x360</size>
         <input_file_ref idref="fl-2"/>
      </object_component>
      <object_component id="oc-20c">
         <name>.text:_pconv_f</name>
         <load_address>0x80013f00</load_address>
         <run_address>0x80013f00</run_address>
         <size>0x2a0</size>
         <input_file_ref idref="fl-35"/>
      </object_component>
      <object_component id="oc-28c">
         <name>.text:fcvt</name>
         <load_address>0x800141a0</load_address>
         <run_address>0x800141a0</run_address>
         <size>0x2a0</size>
         <input_file_ref idref="fl-35"/>
      </object_component>
      <object_component id="oc-26b">
         <name>.text:__c6xabi_divull</name>
         <load_address>0x80014440</load_address>
         <run_address>0x80014440</run_address>
         <size>0x260</size>
         <input_file_ref idref="fl-42"/>
      </object_component>
      <object_component id="oc-126">
         <name>.text:intrinsic</name>
         <load_address>0x800146a0</load_address>
         <run_address>0x800146a0</run_address>
         <size>0x240</size>
         <input_file_ref idref="fl-4"/>
      </object_component>
      <object_component id="oc-1e0">
         <name>.text:fputc</name>
         <load_address>0x800148e0</load_address>
         <run_address>0x800148e0</run_address>
         <size>0x220</size>
         <input_file_ref idref="fl-3d"/>
      </object_component>
      <object_component id="oc-2b0">
         <name>.text:setvbuf</name>
         <load_address>0x80014b00</load_address>
         <run_address>0x80014b00</run_address>
         <size>0x220</size>
         <input_file_ref idref="fl-53"/>
      </object_component>
      <object_component id="oc-1fa">
         <name>.text:_ltostr</name>
         <load_address>0x80014d20</load_address>
         <run_address>0x80014d20</run_address>
         <size>0x200</size>
         <input_file_ref idref="fl-35"/>
      </object_component>
      <object_component id="oc-37b">
         <name>.text:HOSTopen</name>
         <load_address>0x80014f20</load_address>
         <run_address>0x80014f20</run_address>
         <size>0xe0</size>
         <input_file_ref idref="fl-4d"/>
      </object_component>
      <object_component id="oc-30">
         <name>.text</name>
         <load_address>0x80015000</load_address>
         <run_address>0x80015000</run_address>
         <size>0x200</size>
         <input_file_ref idref="fl-60"/>
      </object_component>
      <object_component id="oc-271">
         <name>.text:__c6xabi_divul</name>
         <load_address>0x80015200</load_address>
         <run_address>0x80015200</run_address>
         <size>0x1c0</size>
         <input_file_ref idref="fl-41"/>
      </object_component>
      <object_component id="oc-294">
         <name>.text:frexp</name>
         <load_address>0x800153c0</load_address>
         <run_address>0x800153c0</run_address>
         <size>0x1c0</size>
         <input_file_ref idref="fl-40"/>
      </object_component>
      <object_component id="oc-39f">
         <name>.text:HOSTrename</name>
         <load_address>0x80015580</load_address>
         <run_address>0x80015580</run_address>
         <size>0x1a0</size>
         <input_file_ref idref="fl-4d"/>
      </object_component>
      <object_component id="oc-3e0">
         <name>.text:getdevice</name>
         <load_address>0x80015720</load_address>
         <run_address>0x80015720</run_address>
         <size>0x1a0</size>
         <input_file_ref idref="fl-47"/>
      </object_component>
      <object_component id="oc-29a">
         <name>.text:ldexp</name>
         <load_address>0x800158c0</load_address>
         <run_address>0x800158c0</run_address>
         <size>0x180</size>
         <input_file_ref idref="fl-44"/>
      </object_component>
      <object_component id="oc-313">
         <name>.text:malloc</name>
         <load_address>0x80015a40</load_address>
         <run_address>0x80015a40</run_address>
         <size>0x180</size>
         <input_file_ref idref="fl-55"/>
      </object_component>
      <object_component id="oc-114">
         <name>.text</name>
         <load_address>0x80015bc0</load_address>
         <run_address>0x80015bc0</run_address>
         <size>0x180</size>
         <input_file_ref idref="fl-67"/>
      </object_component>
      <object_component id="oc-76">
         <name>.text:_auto_init_elf</name>
         <load_address>0x80015d40</load_address>
         <run_address>0x80015d40</run_address>
         <size>0x160</size>
         <input_file_ref idref="fl-38"/>
      </object_component>
      <object_component id="oc-18">
         <name>.text:decompress:lzss:__TI_decompress_lzss</name>
         <load_address>0x80015ea0</load_address>
         <run_address>0x80015ea0</run_address>
         <size>0x160</size>
         <input_file_ref idref="fl-2b"/>
      </object_component>
      <object_component id="oc-35b">
         <name>.text:__TI_closefile</name>
         <load_address>0x80016000</load_address>
         <run_address>0x80016000</run_address>
         <size>0x140</size>
         <input_file_ref idref="fl-56"/>
      </object_component>
      <object_component id="oc-10e">
         <name>.text</name>
         <load_address>0x80016140</load_address>
         <run_address>0x80016140</run_address>
         <size>0x140</size>
         <input_file_ref idref="fl-64"/>
      </object_component>
      <object_component id="oc-2aa">
         <name>.text:fseek</name>
         <load_address>0x80016280</load_address>
         <run_address>0x80016280</run_address>
         <size>0x120</size>
         <input_file_ref idref="fl-52"/>
      </object_component>
      <object_component id="oc-393">
         <name>.text:HOSTlseek</name>
         <load_address>0x800163a0</load_address>
         <run_address>0x800163a0</run_address>
         <size>0x100</size>
         <input_file_ref idref="fl-4d"/>
      </object_component>
      <object_component id="oc-24f">
         <name>.text:__TI_wrt_ok</name>
         <load_address>0x800164a0</load_address>
         <run_address>0x800164a0</run_address>
         <size>0x100</size>
         <input_file_ref idref="fl-4f"/>
      </object_component>
      <object_component id="oc-1ee">
         <name>.text:atoi</name>
         <load_address>0x800165a0</load_address>
         <run_address>0x800165a0</run_address>
         <size>0x100</size>
         <input_file_ref idref="fl-37"/>
      </object_component>
      <object_component id="oc-b2">
         <name>.text:copy_in</name>
         <load_address>0x800166a0</load_address>
         <run_address>0x800166a0</run_address>
         <size>0x100</size>
         <input_file_ref idref="fl-39"/>
      </object_component>
      <object_component id="oc-38d">
         <name>.text:HOSTwrite</name>
         <load_address>0x800167a0</load_address>
         <run_address>0x800167a0</run_address>
         <size>0xe0</size>
         <input_file_ref idref="fl-4d"/>
      </object_component>
      <object_component id="oc-3b4">
         <name>.text:close</name>
         <load_address>0x80016880</load_address>
         <run_address>0x80016880</run_address>
         <size>0xe0</size>
         <input_file_ref idref="fl-47"/>
      </object_component>
      <object_component id="oc-6a">
         <name>.text:exit</name>
         <load_address>0x80016960</load_address>
         <run_address>0x80016960</run_address>
         <size>0xe0</size>
         <input_file_ref idref="fl-2f"/>
      </object_component>
      <object_component id="oc-27f">
         <name>.text:ltoa</name>
         <load_address>0x80016a40</load_address>
         <run_address>0x80016a40</run_address>
         <size>0xe0</size>
         <input_file_ref idref="fl-48"/>
      </object_component>
      <object_component id="oc-58">
         <name>.text:memset</name>
         <load_address>0x80016b20</load_address>
         <run_address>0x80016b20</run_address>
         <size>0xe0</size>
         <input_file_ref idref="fl-31"/>
      </object_component>
      <object_component id="oc-108">
         <name>.text:printf</name>
         <load_address>0x80016c00</load_address>
         <run_address>0x80016c00</run_address>
         <size>0xe0</size>
         <input_file_ref idref="fl-33"/>
      </object_component>
      <object_component id="oc-387">
         <name>.text:HOSTread</name>
         <load_address>0x80016ce0</load_address>
         <run_address>0x80016ce0</run_address>
         <size>0xc0</size>
         <input_file_ref idref="fl-4d"/>
      </object_component>
      <object_component id="oc-399">
         <name>.text:HOSTunlink</name>
         <load_address>0x80016da0</load_address>
         <run_address>0x80016da0</run_address>
         <size>0xc0</size>
         <input_file_ref idref="fl-4d"/>
      </object_component>
      <object_component id="oc-25b">
         <name>.text:__TI_doflush</name>
         <load_address>0x80016e60</load_address>
         <run_address>0x80016e60</run_address>
         <size>0xc0</size>
         <input_file_ref idref="fl-51"/>
      </object_component>
      <object_component id="oc-1a7">
         <name>.text:__divu</name>
         <load_address>0x80016f20</load_address>
         <run_address>0x80016f20</run_address>
         <size>0xc0</size>
         <input_file_ref idref="fl-2e"/>
      </object_component>
      <object_component id="oc-285">
         <name>.text:_ecpy</name>
         <load_address>0x80016fe0</load_address>
         <run_address>0x80016fe0</run_address>
         <size>0xc0</size>
         <input_file_ref idref="fl-35"/>
      </object_component>
      <object_component id="oc-36b">
         <name>.text:mremove</name>
         <load_address>0x800170a0</load_address>
         <run_address>0x800170a0</run_address>
         <size>0xc0</size>
         <input_file_ref idref="fl-55"/>
      </object_component>
      <object_component id="oc-be">
         <name>.text:tls:init:__TI_tls_init</name>
         <load_address>0x80017160</load_address>
         <run_address>0x80017160</run_address>
         <size>0xc0</size>
         <input_file_ref idref="fl-4b"/>
      </object_component>
      <object_component id="oc-381">
         <name>.text:HOSTclose</name>
         <load_address>0x80017220</load_address>
         <run_address>0x80017220</run_address>
         <size>0xa0</size>
         <input_file_ref idref="fl-4d"/>
      </object_component>
      <object_component id="oc-307">
         <name>.text:__TI_cleanup</name>
         <load_address>0x800172c0</load_address>
         <run_address>0x800172c0</run_address>
         <size>0xa0</size>
         <input_file_ref idref="fl-54"/>
      </object_component>
      <object_component id="oc-372">
         <name>.text:_minit</name>
         <load_address>0x80017360</load_address>
         <run_address>0x80017360</run_address>
         <size>0xa0</size>
         <input_file_ref idref="fl-55"/>
      </object_component>
      <object_component id="oc-4c">
         <name>.text:memcpy</name>
         <load_address>0x80017400</load_address>
         <run_address>0x80017400</run_address>
         <size>0xa0</size>
         <input_file_ref idref="fl-30"/>
      </object_component>
      <object_component id="oc-365">
         <name>.text:minsert</name>
         <load_address>0x800174a0</load_address>
         <run_address>0x800174a0</run_address>
         <size>0xa0</size>
         <input_file_ref idref="fl-55"/>
      </object_component>
      <object_component id="oc-3d1">
         <name>.text:__TI_readmsg</name>
         <load_address>0x80017540</load_address>
         <run_address>0x80017540</run_address>
         <size>0x80</size>
         <input_file_ref idref="fl-4e"/>
      </object_component>
      <object_component id="oc-2c8">
         <name>.text:__c6xabi_llshl</name>
         <load_address>0x800175c0</load_address>
         <run_address>0x800175c0</run_address>
         <size>0x80</size>
         <input_file_ref idref="fl-46"/>
      </object_component>
      <object_component id="oc-2a">
         <name>.text:_c_int00</name>
         <load_address>0x80017640</load_address>
         <run_address>0x80017640</run_address>
         <size>0x80</size>
         <input_file_ref idref="fl-2a"/>
      </object_component>
      <object_component id="oc-3ba">
         <name>.text:unlink</name>
         <load_address>0x800176c0</load_address>
         <run_address>0x800176c0</run_address>
         <size>0x80</size>
         <input_file_ref idref="fl-47"/>
      </object_component>
      <object_component id="oc-3cb">
         <name>.text:__TI_writemsg</name>
         <load_address>0x80017740</load_address>
         <run_address>0x80017740</run_address>
         <size>0x60</size>
         <input_file_ref idref="fl-4e"/>
      </object_component>
      <object_component id="oc-2d4">
         <name>.text:__c6xabi_llshru</name>
         <load_address>0x800177a0</load_address>
         <run_address>0x800177a0</run_address>
         <size>0x60</size>
         <input_file_ref idref="fl-46"/>
      </object_component>
      <object_component id="oc-2ce">
         <name>.text:_subcull</name>
         <load_address>0x80017800</load_address>
         <run_address>0x80017800</run_address>
         <size>0x60</size>
         <input_file_ref idref="fl-42"/>
      </object_component>
      <object_component id="oc-2ff">
         <name>.text:lseek</name>
         <load_address>0x80017860</load_address>
         <run_address>0x80017860</run_address>
         <size>0x60</size>
         <input_file_ref idref="fl-47"/>
      </object_component>
      <object_component id="oc-21e">
         <name>.text:memccpy</name>
         <load_address>0x800178c0</load_address>
         <run_address>0x800178c0</run_address>
         <size>0x60</size>
         <input_file_ref idref="fl-49"/>
      </object_component>
      <object_component id="oc-255">
         <name>.text:write</name>
         <load_address>0x80017920</load_address>
         <run_address>0x80017920</run_address>
         <size>0x60</size>
         <input_file_ref idref="fl-47"/>
      </object_component>
      <object_component id="oc-2de">
         <name>.text:__TI_frcmpyd_div</name>
         <load_address>0x80017980</load_address>
         <run_address>0x80017980</run_address>
         <size>0x40</size>
         <input_file_ref idref="fl-3f"/>
      </object_component>
      <object_component id="oc-200">
         <name>.text:__c6xabi_isinf</name>
         <load_address>0x800179c0</load_address>
         <run_address>0x800179c0</run_address>
         <size>0x40</size>
         <input_file_ref idref="fl-43"/>
      </object_component>
      <object_component id="oc-1f4">
         <name>.text:__c6xabi_isnan</name>
         <load_address>0x80017a00</load_address>
         <run_address>0x80017a00</run_address>
         <size>0x40</size>
         <input_file_ref idref="fl-35"/>
      </object_component>
      <object_component id="oc-64">
         <name>.text:_args_main</name>
         <load_address>0x80017a40</load_address>
         <run_address>0x80017a40</run_address>
         <size>0x40</size>
         <input_file_ref idref="fl-36"/>
      </object_component>
      <object_component id="oc-2f3">
         <name>.text:__c6xabi_errno_addr</name>
         <load_address>0x80017a80</load_address>
         <run_address>0x80017a80</run_address>
         <size>0x20</size>
         <input_file_ref idref="fl-50"/>
      </object_component>
      <object_component id="oc-1d1">
         <name>.text:_nop</name>
         <load_address>0x80017aa0</load_address>
         <run_address>0x80017aa0</run_address>
         <size>0x20</size>
         <input_file_ref idref="fl-34"/>
      </object_component>
      <object_component id="oc-186">
         <name>.text:_outc</name>
         <load_address>0x80017ac0</load_address>
         <run_address>0x80017ac0</run_address>
         <size>0x20</size>
         <input_file_ref idref="fl-33"/>
      </object_component>
      <object_component id="oc-18c">
         <name>.text:_outs</name>
         <load_address>0x80017ae0</load_address>
         <run_address>0x80017ae0</run_address>
         <size>0x20</size>
         <input_file_ref idref="fl-33"/>
      </object_component>
      <object_component id="oc-b8">
         <name>.text:_system_post_cinit</name>
         <load_address>0x80017b00</load_address>
         <run_address>0x80017b00</run_address>
         <size>0x20</size>
         <input_file_ref idref="fl-4a"/>
      </object_component>
      <object_component id="oc-70">
         <name>.text:_system_pre_init</name>
         <load_address>0x80017b20</load_address>
         <run_address>0x80017b20</run_address>
         <size>0x20</size>
         <input_file_ref idref="fl-32"/>
      </object_component>
      <object_component id="oc-a9">
         <name>.text:abort</name>
         <load_address>0x80017b40</load_address>
         <run_address>0x80017b40</run_address>
         <size>0x20</size>
         <input_file_ref idref="fl-2f"/>
      </object_component>
      <object_component id="oc-24">
         <name>.text:decompress:ZI:__TI_zero_init</name>
         <load_address>0x80017b60</load_address>
         <run_address>0x80017b60</run_address>
         <size>0x20</size>
         <input_file_ref idref="fl-2d"/>
      </object_component>
      <object_component id="oc-1e">
         <name>.text:decompress:none:__TI_decompress_none</name>
         <load_address>0x80017b80</load_address>
         <run_address>0x80017b80</run_address>
         <size>0x20</size>
         <input_file_ref idref="fl-2c"/>
      </object_component>
      <object_component id="oc-35">
         <name>.stack</name>
         <uninitialized>true</uninitialized>
         <run_address>0x80017ba0</run_address>
         <size>0x8</size>
         <input_file_ref idref="fl-2a"/>
      </object_component>
      <object_component id="oc-422">
         <name>.stack</name>
         <uninitialized>true</uninitialized>
         <run_address>0x80017ba0</run_address>
         <size>0x0</size>
      </object_component>
      <object_component id="oc-3eb">
         <name>.cio</name>
         <uninitialized>true</uninitialized>
         <run_address>0x800190c8</run_address>
         <size>0x120</size>
         <input_file_ref idref="fl-4e"/>
      </object_component>
      <object_component id="oc-265">
         <name>.const:.string:_ctypes_</name>
         <load_address>0x80018f28</load_address>
         <run_address>0x80018f28</run_address>
         <size>0x101</size>
         <input_file_ref idref="fl-3a"/>
      </object_component>
      <object_component id="oc-dd">
         <name>.const:.string</name>
         <load_address>0x8001902c</load_address>
         <run_address>0x8001902c</run_address>
         <size>0x74</size>
         <input_file_ref idref="fl-7"/>
      </object_component>
      <object_component id="oc-224">
         <name>.const:.string</name>
         <load_address>0x800190a0</load_address>
         <run_address>0x800190a0</run_address>
         <size>0x24</size>
         <input_file_ref idref="fl-35"/>
      </object_component>
      <object_component id="oc-225">
         <name>.switch:__TI_printfi</name>
         <load_address>0x8000d380</load_address>
         <run_address>0x8000d380</run_address>
         <size>0x38</size>
         <input_file_ref idref="fl-35"/>
      </object_component>
      <object_component id="oc-38">
         <name>.sysmem</name>
         <uninitialized>true</uninitialized>
         <run_address>0x800183a0</run_address>
         <size>0x8</size>
         <input_file_ref idref="fl-55"/>
      </object_component>
      <object_component id="oc-423">
         <name>.sysmem</name>
         <uninitialized>true</uninitialized>
         <run_address>0x800183a0</run_address>
         <size>0x0</size>
      </object_component>
      <object_component id="oc-3c8">
         <name>.far:parmbuf</name>
         <uninitialized>true</uninitialized>
         <run_address>0x80018f20</run_address>
         <size>0x8</size>
         <input_file_ref idref="fl-4d"/>
      </object_component>
      <object_component id="oc-84">
         <name>.far</name>
         <uninitialized>true</uninitialized>
         <run_address>0x80018ba0</run_address>
         <size>0x240</size>
         <input_file_ref idref="fl-5f"/>
      </object_component>
      <object_component id="oc-3c0">
         <name>.common:__TI_tmpnams</name>
         <uninitialized>true</uninitialized>
         <run_address>0x80018de0</run_address>
         <size>0x140</size>
      </object_component>
      <object_component id="oc-421">
         <name>.cinit..fardata.load</name>
         <load_address>0x800191e8</load_address>
         <run_address>0x800191e8</run_address>
         <size>0x8f</size>
      </object_component>
      <object_component id="oc-41d">
         <name>__TI_handler_table</name>
         <load_address>0x80019278</load_address>
         <run_address>0x80019278</run_address>
         <size>0xc</size>
      </object_component>
      <object_component id="oc-41f">
         <name>.cinit..far.load</name>
         <load_address>0x80019284</load_address>
         <run_address>0x80019284</run_address>
         <size>0x8</size>
      </object_component>
      <object_component id="oc-420">
         <name>.cinit..neardata.load</name>
         <load_address>0x8001928c</load_address>
         <run_address>0x8001928c</run_address>
         <size>0x7</size>
      </object_component>
      <object_component id="oc-41e">
         <name>__TI_cinit_table</name>
         <load_address>0x80019298</load_address>
         <run_address>0x80019298</run_address>
         <size>0x18</size>
      </object_component>
      <object_component id="oc-f9">
         <name>.neardata</name>
         <load_address>0x8000d3b8</load_address>
         <run_address>0x8000d3b8</run_address>
         <size>0x10</size>
         <input_file_ref idref="fl-7"/>
      </object_component>
      <object_component id="oc-ff">
         <name>.fardata:INPUT</name>
         <load_address>0x8000d0e0</load_address>
         <run_address>0x8000d0e0</run_address>
         <size>0xc0</size>
         <input_file_ref idref="fl-7"/>
      </object_component>
      <object_component id="oc-102">
         <name>.fardata:INTER_1</name>
         <load_address>0x8000cde0</load_address>
         <run_address>0x8000cde0</run_address>
         <size>0x180</size>
         <input_file_ref idref="fl-7"/>
      </object_component>
      <object_component id="oc-105">
         <name>.fardata:INTER_2</name>
         <load_address>0x8000cf60</load_address>
         <run_address>0x8000cf60</run_address>
         <size>0x180</size>
         <input_file_ref idref="fl-7"/>
      </object_component>
      <object_component id="oc-de">
         <name>.fardata:w_1</name>
         <load_address>0x80000000</load_address>
         <run_address>0x80000000</run_address>
         <size>0x4800</size>
         <input_file_ref idref="fl-7"/>
      </object_component>
      <object_component id="oc-e1">
         <name>.fardata:w_2</name>
         <load_address>0x80004800</load_address>
         <run_address>0x80004800</run_address>
         <size>0x4800</size>
         <input_file_ref idref="fl-7"/>
      </object_component>
      <object_component id="oc-e4">
         <name>.fardata:w_3</name>
         <load_address>0x80009000</load_address>
         <run_address>0x80009000</run_address>
         <size>0x1800</size>
         <input_file_ref idref="fl-7"/>
      </object_component>
      <object_component id="oc-e7">
         <name>.fardata:w_4</name>
         <load_address>0x8000a800</load_address>
         <run_address>0x8000a800</run_address>
         <size>0x1000</size>
         <input_file_ref idref="fl-7"/>
      </object_component>
      <object_component id="oc-ea">
         <name>.fardata:w_5</name>
         <load_address>0x8000b800</load_address>
         <run_address>0x8000b800</run_address>
         <size>0x800</size>
         <input_file_ref idref="fl-7"/>
      </object_component>
      <object_component id="oc-ed">
         <name>.fardata:w_6</name>
         <load_address>0x8000c000</load_address>
         <run_address>0x8000c000</run_address>
         <size>0x400</size>
         <input_file_ref idref="fl-7"/>
      </object_component>
      <object_component id="oc-f0">
         <name>.fardata:w_7</name>
         <load_address>0x8000c400</load_address>
         <run_address>0x8000c400</run_address>
         <size>0x400</size>
         <input_file_ref idref="fl-7"/>
      </object_component>
      <object_component id="oc-f3">
         <name>.fardata:w_8</name>
         <load_address>0x8000c800</load_address>
         <run_address>0x8000c800</run_address>
         <size>0x400</size>
         <input_file_ref idref="fl-7"/>
      </object_component>
      <object_component id="oc-f6">
         <name>.fardata:w_out</name>
         <load_address>0x8000d240</load_address>
         <run_address>0x8000d240</run_address>
         <size>0x80</size>
         <input_file_ref idref="fl-7"/>
      </object_component>
      <object_component id="oc-fc">
         <name>.fardata:txArray</name>
         <load_address>0x8000d338</load_address>
         <run_address>0x8000d338</run_address>
         <size>0x24</size>
         <input_file_ref idref="fl-7"/>
      </object_component>
      <object_component id="oc-a6">
         <name>.fardata</name>
         <load_address>0x8000d35c</load_address>
         <run_address>0x8000d35c</run_address>
         <size>0xc</size>
         <input_file_ref idref="fl-2f"/>
      </object_component>
      <object_component id="oc-17d">
         <name>.fardata:_lock</name>
         <load_address>0x8000d370</load_address>
         <run_address>0x8000d370</run_address>
         <size>0x4</size>
         <input_file_ref idref="fl-34"/>
      </object_component>
      <object_component id="oc-183">
         <name>.fardata:_unlock</name>
         <load_address>0x8000d374</load_address>
         <run_address>0x8000d374</run_address>
         <size>0x4</size>
         <input_file_ref idref="fl-34"/>
      </object_component>
      <object_component id="oc-180">
         <name>.fardata:_ftable</name>
         <load_address>0x8000cc00</load_address>
         <run_address>0x8000cc00</run_address>
         <size>0x1e0</size>
         <input_file_ref idref="fl-3b"/>
      </object_component>
      <object_component id="oc-358">
         <name>.fardata</name>
         <load_address>0x8000d378</load_address>
         <run_address>0x8000d378</run_address>
         <size>0x4</size>
         <input_file_ref idref="fl-3b"/>
      </object_component>
      <object_component id="oc-322">
         <name>.fardata:_device</name>
         <load_address>0x8000d2c0</load_address>
         <run_address>0x8000d2c0</run_address>
         <size>0x78</size>
         <input_file_ref idref="fl-47"/>
      </object_component>
      <object_component id="oc-2b8">
         <name>.fardata:_stream</name>
         <load_address>0x8000d1a0</load_address>
         <run_address>0x8000d1a0</run_address>
         <size>0xa0</size>
         <input_file_ref idref="fl-47"/>
      </object_component>
      <object_component id="oc-34c">
         <name>.fardata</name>
         <load_address>0x8000d37c</load_address>
         <run_address>0x8000d37c</run_address>
         <size>0x4</size>
         <input_file_ref idref="fl-50"/>
      </object_component>
      <object_component id="oc-362">
         <name>.fardata</name>
         <load_address>0x8000d368</load_address>
         <run_address>0x8000d368</run_address>
         <size>0x8</size>
         <input_file_ref idref="fl-55"/>
      </object_component>
      <object_component id="oc-12d">
         <name>.debug_info</name>
         <load_address>0x0</load_address>
         <run_address>0x0</run_address>
         <size>0xd9</size>
         <input_file_ref idref="fl-2"/>
      </object_component>
      <object_component id="oc-47">
         <name>.debug_info</name>
         <load_address>0xd9</load_address>
         <run_address>0xd9</run_address>
         <size>0xb2</size>
         <input_file_ref idref="fl-3"/>
      </object_component>
      <object_component id="oc-1b5">
         <name>.debug_info</name>
         <load_address>0x18b</load_address>
         <run_address>0x18b</run_address>
         <size>0x54f</size>
         <input_file_ref idref="fl-4"/>
      </object_component>
      <object_component id="oc-127">
         <name>.debug_info</name>
         <load_address>0x6da</load_address>
         <run_address>0x6da</run_address>
         <size>0x264</size>
         <input_file_ref idref="fl-4"/>
      </object_component>
      <object_component id="oc-98">
         <name>.debug_info</name>
         <load_address>0x93e</load_address>
         <run_address>0x93e</run_address>
         <size>0x2c</size>
         <input_file_ref idref="fl-6"/>
      </object_component>
      <object_component id="oc-132">
         <name>.debug_info</name>
         <load_address>0x96a</load_address>
         <run_address>0x96a</run_address>
         <size>0xa81</size>
         <input_file_ref idref="fl-7"/>
      </object_component>
      <object_component id="oc-100">
         <name>.debug_info</name>
         <load_address>0x13eb</load_address>
         <run_address>0x13eb</run_address>
         <size>0xb8</size>
         <input_file_ref idref="fl-7"/>
      </object_component>
      <object_component id="oc-fa">
         <name>.debug_info</name>
         <load_address>0x14a3</load_address>
         <run_address>0x14a3</run_address>
         <size>0xd9</size>
         <input_file_ref idref="fl-7"/>
      </object_component>
      <object_component id="oc-103">
         <name>.debug_info</name>
         <load_address>0x157c</load_address>
         <run_address>0x157c</run_address>
         <size>0xbc</size>
         <input_file_ref idref="fl-7"/>
      </object_component>
      <object_component id="oc-106">
         <name>.debug_info</name>
         <load_address>0x1638</load_address>
         <run_address>0x1638</run_address>
         <size>0xbc</size>
         <input_file_ref idref="fl-7"/>
      </object_component>
      <object_component id="oc-df">
         <name>.debug_info</name>
         <load_address>0x16f4</load_address>
         <run_address>0x16f4</run_address>
         <size>0xb4</size>
         <input_file_ref idref="fl-7"/>
      </object_component>
      <object_component id="oc-e2">
         <name>.debug_info</name>
         <load_address>0x17a8</load_address>
         <run_address>0x17a8</run_address>
         <size>0xb4</size>
         <input_file_ref idref="fl-7"/>
      </object_component>
      <object_component id="oc-e5">
         <name>.debug_info</name>
         <load_address>0x185c</load_address>
         <run_address>0x185c</run_address>
         <size>0xb4</size>
         <input_file_ref idref="fl-7"/>
      </object_component>
      <object_component id="oc-e8">
         <name>.debug_info</name>
         <load_address>0x1910</load_address>
         <run_address>0x1910</run_address>
         <size>0xb4</size>
         <input_file_ref idref="fl-7"/>
      </object_component>
      <object_component id="oc-eb">
         <name>.debug_info</name>
         <load_address>0x19c4</load_address>
         <run_address>0x19c4</run_address>
         <size>0xb4</size>
         <input_file_ref idref="fl-7"/>
      </object_component>
      <object_component id="oc-ee">
         <name>.debug_info</name>
         <load_address>0x1a78</load_address>
         <run_address>0x1a78</run_address>
         <size>0xb4</size>
         <input_file_ref idref="fl-7"/>
      </object_component>
      <object_component id="oc-f1">
         <name>.debug_info</name>
         <load_address>0x1b2c</load_address>
         <run_address>0x1b2c</run_address>
         <size>0xb4</size>
         <input_file_ref idref="fl-7"/>
      </object_component>
      <object_component id="oc-f4">
         <name>.debug_info</name>
         <load_address>0x1be0</load_address>
         <run_address>0x1be0</run_address>
         <size>0xb4</size>
         <input_file_ref idref="fl-7"/>
      </object_component>
      <object_component id="oc-f7">
         <name>.debug_info</name>
         <load_address>0x1c94</load_address>
         <run_address>0x1c94</run_address>
         <size>0xb8</size>
         <input_file_ref idref="fl-7"/>
      </object_component>
      <object_component id="oc-fd">
         <name>.debug_info</name>
         <load_address>0x1d4c</load_address>
         <run_address>0x1d4c</run_address>
         <size>0xbd</size>
         <input_file_ref idref="fl-7"/>
      </object_component>
      <object_component id="oc-9f">
         <name>.debug_info</name>
         <load_address>0x1e09</load_address>
         <run_address>0x1e09</run_address>
         <size>0x553</size>
         <input_file_ref idref="fl-7"/>
      </object_component>
      <object_component id="oc-133">
         <name>.debug_info</name>
         <load_address>0x235c</load_address>
         <run_address>0x235c</run_address>
         <size>0xc8</size>
         <input_file_ref idref="fl-7"/>
      </object_component>
      <object_component id="oc-228">
         <name>.debug_info</name>
         <load_address>0x2424</load_address>
         <run_address>0x2424</run_address>
         <size>0x2c</size>
         <input_file_ref idref="fl-7"/>
      </object_component>
      <object_component id="oc-80">
         <name>.debug_info</name>
         <load_address>0x2450</load_address>
         <run_address>0x2450</run_address>
         <size>0x5d6</size>
         <input_file_ref idref="fl-2a"/>
      </object_component>
      <object_component id="oc-36">
         <name>.debug_info</name>
         <load_address>0x2a26</load_address>
         <run_address>0x2a26</run_address>
         <size>0xed</size>
         <input_file_ref idref="fl-2a"/>
      </object_component>
      <object_component id="oc-2b">
         <name>.debug_info</name>
         <load_address>0x2b13</load_address>
         <run_address>0x2b13</run_address>
         <size>0x17a</size>
         <input_file_ref idref="fl-2a"/>
      </object_component>
      <object_component id="oc-8d">
         <name>.debug_info</name>
         <load_address>0x2c8d</load_address>
         <run_address>0x2c8d</run_address>
         <size>0x55f</size>
         <input_file_ref idref="fl-2b"/>
      </object_component>
      <object_component id="oc-19">
         <name>.debug_info</name>
         <load_address>0x31ec</load_address>
         <run_address>0x31ec</run_address>
         <size>0x23d</size>
         <input_file_ref idref="fl-2b"/>
      </object_component>
      <object_component id="oc-42">
         <name>.debug_info</name>
         <load_address>0x3429</load_address>
         <run_address>0x3429</run_address>
         <size>0x60</size>
         <input_file_ref idref="fl-2b"/>
      </object_component>
      <object_component id="oc-88">
         <name>.debug_info</name>
         <load_address>0x3489</load_address>
         <run_address>0x3489</run_address>
         <size>0x46</size>
         <input_file_ref idref="fl-2b"/>
      </object_component>
      <object_component id="oc-57">
         <name>.debug_info</name>
         <load_address>0x34cf</load_address>
         <run_address>0x34cf</run_address>
         <size>0x5ab</size>
         <input_file_ref idref="fl-2c"/>
      </object_component>
      <object_component id="oc-1f">
         <name>.debug_info</name>
         <load_address>0x3a7a</load_address>
         <run_address>0x3a7a</run_address>
         <size>0x1c4</size>
         <input_file_ref idref="fl-2c"/>
      </object_component>
      <object_component id="oc-52">
         <name>.debug_info</name>
         <load_address>0x3c3e</load_address>
         <run_address>0x3c3e</run_address>
         <size>0x46</size>
         <input_file_ref idref="fl-2c"/>
      </object_component>
      <object_component id="oc-8f">
         <name>.debug_info</name>
         <load_address>0x3c84</load_address>
         <run_address>0x3c84</run_address>
         <size>0x2c</size>
         <input_file_ref idref="fl-2c"/>
      </object_component>
      <object_component id="oc-9d">
         <name>.debug_info</name>
         <load_address>0x3cb0</load_address>
         <run_address>0x3cb0</run_address>
         <size>0x58b</size>
         <input_file_ref idref="fl-2d"/>
      </object_component>
      <object_component id="oc-25">
         <name>.debug_info</name>
         <load_address>0x423b</load_address>
         <run_address>0x423b</run_address>
         <size>0x17a</size>
         <input_file_ref idref="fl-2d"/>
      </object_component>
      <object_component id="oc-5f">
         <name>.debug_info</name>
         <load_address>0x43b5</load_address>
         <run_address>0x43b5</run_address>
         <size>0x46</size>
         <input_file_ref idref="fl-2d"/>
      </object_component>
      <object_component id="oc-1a8">
         <name>.debug_info</name>
         <load_address>0x43fb</load_address>
         <run_address>0x43fb</run_address>
         <size>0x10c</size>
         <input_file_ref idref="fl-2e"/>
      </object_component>
      <object_component id="oc-b0">
         <name>.debug_info</name>
         <load_address>0x4507</load_address>
         <run_address>0x4507</run_address>
         <size>0x5bf</size>
         <input_file_ref idref="fl-2f"/>
      </object_component>
      <object_component id="oc-a7">
         <name>.debug_info</name>
         <load_address>0x4ac6</load_address>
         <run_address>0x4ac6</run_address>
         <size>0x17d</size>
         <input_file_ref idref="fl-2f"/>
      </object_component>
      <object_component id="oc-aa">
         <name>.debug_info</name>
         <load_address>0x4c43</load_address>
         <run_address>0x4c43</run_address>
         <size>0x10f</size>
         <input_file_ref idref="fl-2f"/>
      </object_component>
      <object_component id="oc-6b">
         <name>.debug_info</name>
         <load_address>0x4d52</load_address>
         <run_address>0x4d52</run_address>
         <size>0x16f</size>
         <input_file_ref idref="fl-2f"/>
      </object_component>
      <object_component id="oc-4d">
         <name>.debug_info</name>
         <load_address>0x4ec1</load_address>
         <run_address>0x4ec1</run_address>
         <size>0x119</size>
         <input_file_ref idref="fl-30"/>
      </object_component>
      <object_component id="oc-97">
         <name>.debug_info</name>
         <load_address>0x4fda</load_address>
         <run_address>0x4fda</run_address>
         <size>0x674</size>
         <input_file_ref idref="fl-31"/>
      </object_component>
      <object_component id="oc-59">
         <name>.debug_info</name>
         <load_address>0x564e</load_address>
         <run_address>0x564e</run_address>
         <size>0x21c</size>
         <input_file_ref idref="fl-31"/>
      </object_component>
      <object_component id="oc-71">
         <name>.debug_info</name>
         <load_address>0x586a</load_address>
         <run_address>0x586a</run_address>
         <size>0x140</size>
         <input_file_ref idref="fl-32"/>
      </object_component>
      <object_component id="oc-199">
         <name>.debug_info</name>
         <load_address>0x59aa</load_address>
         <run_address>0x59aa</run_address>
         <size>0x6a5</size>
         <input_file_ref idref="fl-33"/>
      </object_component>
      <object_component id="oc-187">
         <name>.debug_info</name>
         <load_address>0x604f</load_address>
         <run_address>0x604f</run_address>
         <size>0x144</size>
         <input_file_ref idref="fl-33"/>
      </object_component>
      <object_component id="oc-18d">
         <name>.debug_info</name>
         <load_address>0x6193</load_address>
         <run_address>0x6193</run_address>
         <size>0x153</size>
         <input_file_ref idref="fl-33"/>
      </object_component>
      <object_component id="oc-109">
         <name>.debug_info</name>
         <load_address>0x62e6</load_address>
         <run_address>0x62e6</run_address>
         <size>0x190</size>
         <input_file_ref idref="fl-33"/>
      </object_component>
      <object_component id="oc-23e">
         <name>.debug_info</name>
         <load_address>0x6476</load_address>
         <run_address>0x6476</run_address>
         <size>0xae</size>
         <input_file_ref idref="fl-33"/>
      </object_component>
      <object_component id="oc-1d9">
         <name>.debug_info</name>
         <load_address>0x6524</load_address>
         <run_address>0x6524</run_address>
         <size>0x54c</size>
         <input_file_ref idref="fl-34"/>
      </object_component>
      <object_component id="oc-17e">
         <name>.debug_info</name>
         <load_address>0x6a70</load_address>
         <run_address>0x6a70</run_address>
         <size>0xec</size>
         <input_file_ref idref="fl-34"/>
      </object_component>
      <object_component id="oc-184">
         <name>.debug_info</name>
         <load_address>0x6b5c</load_address>
         <run_address>0x6b5c</run_address>
         <size>0xf0</size>
         <input_file_ref idref="fl-34"/>
      </object_component>
      <object_component id="oc-1d2">
         <name>.debug_info</name>
         <load_address>0x6c4c</load_address>
         <run_address>0x6c4c</run_address>
         <size>0x11b</size>
         <input_file_ref idref="fl-34"/>
      </object_component>
      <object_component id="oc-227">
         <name>.debug_info</name>
         <load_address>0x6d67</load_address>
         <run_address>0x6d67</run_address>
         <size>0x75c</size>
         <input_file_ref idref="fl-35"/>
      </object_component>
      <object_component id="oc-1fb">
         <name>.debug_info</name>
         <load_address>0x74c3</load_address>
         <run_address>0x74c3</run_address>
         <size>0x233</size>
         <input_file_ref idref="fl-35"/>
      </object_component>
      <object_component id="oc-1f5">
         <name>.debug_info</name>
         <load_address>0x76f6</load_address>
         <run_address>0x76f6</run_address>
         <size>0x209</size>
         <input_file_ref idref="fl-35"/>
      </object_component>
      <object_component id="oc-286">
         <name>.debug_info</name>
         <load_address>0x78ff</load_address>
         <run_address>0x78ff</run_address>
         <size>0x1a0</size>
         <input_file_ref idref="fl-35"/>
      </object_component>
      <object_component id="oc-207">
         <name>.debug_info</name>
         <load_address>0x7a9f</load_address>
         <run_address>0x7a9f</run_address>
         <size>0x34e</size>
         <input_file_ref idref="fl-35"/>
      </object_component>
      <object_component id="oc-28d">
         <name>.debug_info</name>
         <load_address>0x7ded</load_address>
         <run_address>0x7ded</run_address>
         <size>0x222</size>
         <input_file_ref idref="fl-35"/>
      </object_component>
      <object_component id="oc-20d">
         <name>.debug_info</name>
         <load_address>0x800f</load_address>
         <run_address>0x800f</run_address>
         <size>0x306</size>
         <input_file_ref idref="fl-35"/>
      </object_component>
      <object_component id="oc-213">
         <name>.debug_info</name>
         <load_address>0x8315</load_address>
         <run_address>0x8315</run_address>
         <size>0x36c</size>
         <input_file_ref idref="fl-35"/>
      </object_component>
      <object_component id="oc-219">
         <name>.debug_info</name>
         <load_address>0x8681</load_address>
         <run_address>0x8681</run_address>
         <size>0x4a2</size>
         <input_file_ref idref="fl-35"/>
      </object_component>
      <object_component id="oc-193">
         <name>.debug_info</name>
         <load_address>0x8b23</load_address>
         <run_address>0x8b23</run_address>
         <size>0x5c0</size>
         <input_file_ref idref="fl-35"/>
      </object_component>
      <object_component id="oc-22d">
         <name>.debug_info</name>
         <load_address>0x90e3</load_address>
         <run_address>0x90e3</run_address>
         <size>0x86</size>
         <input_file_ref idref="fl-35"/>
      </object_component>
      <object_component id="oc-232">
         <name>.debug_info</name>
         <load_address>0x9169</load_address>
         <run_address>0x9169</run_address>
         <size>0x2c</size>
         <input_file_ref idref="fl-35"/>
      </object_component>
      <object_component id="oc-2a5">
         <name>.debug_info</name>
         <load_address>0x9195</load_address>
         <run_address>0x9195</run_address>
         <size>0x46</size>
         <input_file_ref idref="fl-35"/>
      </object_component>
      <object_component id="oc-237">
         <name>.debug_info</name>
         <load_address>0x91db</load_address>
         <run_address>0x91db</run_address>
         <size>0x39</size>
         <input_file_ref idref="fl-35"/>
      </object_component>
      <object_component id="oc-a5">
         <name>.debug_info</name>
         <load_address>0x9214</load_address>
         <run_address>0x9214</run_address>
         <size>0x5cc</size>
         <input_file_ref idref="fl-36"/>
      </object_component>
      <object_component id="oc-65">
         <name>.debug_info</name>
         <load_address>0x97e0</load_address>
         <run_address>0x97e0</run_address>
         <size>0x15f</size>
         <input_file_ref idref="fl-36"/>
      </object_component>
      <object_component id="oc-13a">
         <name>.debug_info</name>
         <load_address>0x993f</load_address>
         <run_address>0x993f</run_address>
         <size>0x5e</size>
         <input_file_ref idref="fl-36"/>
      </object_component>
      <object_component id="oc-269">
         <name>.debug_info</name>
         <load_address>0x999d</load_address>
         <run_address>0x999d</run_address>
         <size>0x57a</size>
         <input_file_ref idref="fl-37"/>
      </object_component>
      <object_component id="oc-1ef">
         <name>.debug_info</name>
         <load_address>0x9f17</load_address>
         <run_address>0x9f17</run_address>
         <size>0x169</size>
         <input_file_ref idref="fl-37"/>
      </object_component>
      <object_component id="oc-c5">
         <name>.debug_info</name>
         <load_address>0xa080</load_address>
         <run_address>0xa080</run_address>
         <size>0x79e</size>
         <input_file_ref idref="fl-38"/>
      </object_component>
      <object_component id="oc-77">
         <name>.debug_info</name>
         <load_address>0xa81e</load_address>
         <run_address>0xa81e</run_address>
         <size>0x1bc</size>
         <input_file_ref idref="fl-38"/>
      </object_component>
      <object_component id="oc-14b">
         <name>.debug_info</name>
         <load_address>0xa9da</load_address>
         <run_address>0xa9da</run_address>
         <size>0x39</size>
         <input_file_ref idref="fl-38"/>
      </object_component>
      <object_component id="oc-1cc">
         <name>.debug_info</name>
         <load_address>0xaa13</load_address>
         <run_address>0xaa13</run_address>
         <size>0x39</size>
         <input_file_ref idref="fl-38"/>
      </object_component>
      <object_component id="oc-150">
         <name>.debug_info</name>
         <load_address>0xaa4c</load_address>
         <run_address>0xaa4c</run_address>
         <size>0xcd</size>
         <input_file_ref idref="fl-38"/>
      </object_component>
      <object_component id="oc-145">
         <name>.debug_info</name>
         <load_address>0xab19</load_address>
         <run_address>0xab19</run_address>
         <size>0x650</size>
         <input_file_ref idref="fl-39"/>
      </object_component>
      <object_component id="oc-b3">
         <name>.debug_info</name>
         <load_address>0xb169</load_address>
         <run_address>0xb169</run_address>
         <size>0x194</size>
         <input_file_ref idref="fl-39"/>
      </object_component>
      <object_component id="oc-1bb">
         <name>.debug_info</name>
         <load_address>0xb2fd</load_address>
         <run_address>0xb2fd</run_address>
         <size>0x2c</size>
         <input_file_ref idref="fl-39"/>
      </object_component>
      <object_component id="oc-2c5">
         <name>.debug_info</name>
         <load_address>0xb329</load_address>
         <run_address>0xb329</run_address>
         <size>0xe6</size>
         <input_file_ref idref="fl-3a"/>
      </object_component>
      <object_component id="oc-266">
         <name>.debug_info</name>
         <load_address>0xb40f</load_address>
         <run_address>0xb40f</run_address>
         <size>0xf2</size>
         <input_file_ref idref="fl-3a"/>
      </object_component>
      <object_component id="oc-1dc">
         <name>.debug_info</name>
         <load_address>0xb501</load_address>
         <run_address>0xb501</run_address>
         <size>0x12d</size>
         <input_file_ref idref="fl-3b"/>
      </object_component>
      <object_component id="oc-181">
         <name>.debug_info</name>
         <load_address>0xb62e</load_address>
         <run_address>0xb62e</run_address>
         <size>0xef</size>
         <input_file_ref idref="fl-3b"/>
      </object_component>
      <object_component id="oc-359">
         <name>.debug_info</name>
         <load_address>0xb71d</load_address>
         <run_address>0xb71d</run_address>
         <size>0xf7</size>
         <input_file_ref idref="fl-3b"/>
      </object_component>
      <object_component id="oc-27a">
         <name>.debug_info</name>
         <load_address>0xb814</load_address>
         <run_address>0xb814</run_address>
         <size>0x23d</size>
         <input_file_ref idref="fl-3c"/>
      </object_component>
      <object_component id="oc-2e5">
         <name>.debug_info</name>
         <load_address>0xba51</load_address>
         <run_address>0xba51</run_address>
         <size>0x7f</size>
         <input_file_ref idref="fl-3c"/>
      </object_component>
      <object_component id="oc-2ea">
         <name>.debug_info</name>
         <load_address>0xbad0</load_address>
         <run_address>0xbad0</run_address>
         <size>0x60</size>
         <input_file_ref idref="fl-3c"/>
      </object_component>
      <object_component id="oc-262">
         <name>.debug_info</name>
         <load_address>0xbb30</load_address>
         <run_address>0xbb30</run_address>
         <size>0x645</size>
         <input_file_ref idref="fl-3d"/>
      </object_component>
      <object_component id="oc-1e1">
         <name>.debug_info</name>
         <load_address>0xc175</load_address>
         <run_address>0xc175</run_address>
         <size>0x1fe</size>
         <input_file_ref idref="fl-3d"/>
      </object_component>
      <object_component id="oc-264">
         <name>.debug_info</name>
         <load_address>0xc373</load_address>
         <run_address>0xc373</run_address>
         <size>0x69d</size>
         <input_file_ref idref="fl-3e"/>
      </object_component>
      <object_component id="oc-1e8">
         <name>.debug_info</name>
         <load_address>0xca10</load_address>
         <run_address>0xca10</run_address>
         <size>0x30f</size>
         <input_file_ref idref="fl-3e"/>
      </object_component>
      <object_component id="oc-2df">
         <name>.debug_info</name>
         <load_address>0xcd1f</load_address>
         <run_address>0xcd1f</run_address>
         <size>0x15f</size>
         <input_file_ref idref="fl-3f"/>
      </object_component>
      <object_component id="oc-3a9">
         <name>.debug_info</name>
         <load_address>0xce7e</load_address>
         <run_address>0xce7e</run_address>
         <size>0x2c</size>
         <input_file_ref idref="fl-3f"/>
      </object_component>
      <object_component id="oc-345">
         <name>.debug_info</name>
         <load_address>0xceaa</load_address>
         <run_address>0xceaa</run_address>
         <size>0x2c</size>
         <input_file_ref idref="fl-3f"/>
      </object_component>
      <object_component id="oc-2fa">
         <name>.debug_info</name>
         <load_address>0xced6</load_address>
         <run_address>0xced6</run_address>
         <size>0x5de</size>
         <input_file_ref idref="fl-40"/>
      </object_component>
      <object_component id="oc-295">
         <name>.debug_info</name>
         <load_address>0xd4b4</load_address>
         <run_address>0xd4b4</run_address>
         <size>0x1de</size>
         <input_file_ref idref="fl-40"/>
      </object_component>
      <object_component id="oc-2dd">
         <name>.debug_info</name>
         <load_address>0xd692</load_address>
         <run_address>0xd692</run_address>
         <size>0x590</size>
         <input_file_ref idref="fl-41"/>
      </object_component>
      <object_component id="oc-272">
         <name>.debug_info</name>
         <load_address>0xdc22</load_address>
         <run_address>0xdc22</run_address>
         <size>0x1d1</size>
         <input_file_ref idref="fl-41"/>
      </object_component>
      <object_component id="oc-2db">
         <name>.debug_info</name>
         <load_address>0xddf3</load_address>
         <run_address>0xddf3</run_address>
         <size>0x590</size>
         <input_file_ref idref="fl-42"/>
      </object_component>
      <object_component id="oc-2cf">
         <name>.debug_info</name>
         <load_address>0xe383</load_address>
         <run_address>0xe383</run_address>
         <size>0x17b</size>
         <input_file_ref idref="fl-42"/>
      </object_component>
      <object_component id="oc-26c">
         <name>.debug_info</name>
         <load_address>0xe4fe</load_address>
         <run_address>0xe4fe</run_address>
         <size>0x261</size>
         <input_file_ref idref="fl-42"/>
      </object_component>
      <object_component id="oc-201">
         <name>.debug_info</name>
         <load_address>0xe75f</load_address>
         <run_address>0xe75f</run_address>
         <size>0x13e</size>
         <input_file_ref idref="fl-43"/>
      </object_component>
      <object_component id="oc-2fc">
         <name>.debug_info</name>
         <load_address>0xe89d</load_address>
         <run_address>0xe89d</run_address>
         <size>0x5de</size>
         <input_file_ref idref="fl-44"/>
      </object_component>
      <object_component id="oc-29d">
         <name>.debug_info</name>
         <load_address>0xee7b</load_address>
         <run_address>0xee7b</run_address>
         <size>0x1a6</size>
         <input_file_ref idref="fl-44"/>
      </object_component>
      <object_component id="oc-33d">
         <name>.debug_info</name>
         <load_address>0xf021</load_address>
         <run_address>0xf021</run_address>
         <size>0x572</size>
         <input_file_ref idref="fl-46"/>
      </object_component>
      <object_component id="oc-2d5">
         <name>.debug_info</name>
         <load_address>0xf593</load_address>
         <run_address>0xf593</run_address>
         <size>0x19c</size>
         <input_file_ref idref="fl-46"/>
      </object_component>
      <object_component id="oc-2c9">
         <name>.debug_info</name>
         <load_address>0xf72f</load_address>
         <run_address>0xf72f</run_address>
         <size>0x183</size>
         <input_file_ref idref="fl-46"/>
      </object_component>
      <object_component id="oc-338">
         <name>.debug_info</name>
         <load_address>0xf8b2</load_address>
         <run_address>0xf8b2</run_address>
         <size>0x39</size>
         <input_file_ref idref="fl-46"/>
      </object_component>
      <object_component id="oc-2bc">
         <name>.debug_info</name>
         <load_address>0xf8eb</load_address>
         <run_address>0xf8eb</run_address>
         <size>0x80d</size>
         <input_file_ref idref="fl-47"/>
      </object_component>
      <object_component id="oc-323">
         <name>.debug_info</name>
         <load_address>0x100f8</load_address>
         <run_address>0x100f8</run_address>
         <size>0xf0</size>
         <input_file_ref idref="fl-47"/>
      </object_component>
      <object_component id="oc-2b9">
         <name>.debug_info</name>
         <load_address>0x101e8</load_address>
         <run_address>0x101e8</run_address>
         <size>0xf0</size>
         <input_file_ref idref="fl-47"/>
      </object_component>
      <object_component id="oc-256">
         <name>.debug_info</name>
         <load_address>0x102d8</load_address>
         <run_address>0x102d8</run_address>
         <size>0x191</size>
         <input_file_ref idref="fl-47"/>
      </object_component>
      <object_component id="oc-3e1">
         <name>.debug_info</name>
         <load_address>0x10469</load_address>
         <run_address>0x10469</run_address>
         <size>0x23a</size>
         <input_file_ref idref="fl-47"/>
      </object_component>
      <object_component id="oc-3bb">
         <name>.debug_info</name>
         <load_address>0x106a3</load_address>
         <run_address>0x106a3</run_address>
         <size>0x1a6</size>
         <input_file_ref idref="fl-47"/>
      </object_component>
      <object_component id="oc-300">
         <name>.debug_info</name>
         <load_address>0x10849</load_address>
         <run_address>0x10849</run_address>
         <size>0x19d</size>
         <input_file_ref idref="fl-47"/>
      </object_component>
      <object_component id="oc-3b5">
         <name>.debug_info</name>
         <load_address>0x109e6</load_address>
         <run_address>0x109e6</run_address>
         <size>0x188</size>
         <input_file_ref idref="fl-47"/>
      </object_component>
      <object_component id="oc-329">
         <name>.debug_info</name>
         <load_address>0x10b6e</load_address>
         <run_address>0x10b6e</run_address>
         <size>0x120</size>
         <input_file_ref idref="fl-47"/>
      </object_component>
      <object_component id="oc-32e">
         <name>.debug_info</name>
         <load_address>0x10c8e</load_address>
         <run_address>0x10c8e</run_address>
         <size>0x2c</size>
         <input_file_ref idref="fl-47"/>
      </object_component>
      <object_component id="oc-2f0">
         <name>.debug_info</name>
         <load_address>0x10cba</load_address>
         <run_address>0x10cba</run_address>
         <size>0x5b7</size>
         <input_file_ref idref="fl-48"/>
      </object_component>
      <object_component id="oc-280">
         <name>.debug_info</name>
         <load_address>0x11271</load_address>
         <run_address>0x11271</run_address>
         <size>0x1ab</size>
         <input_file_ref idref="fl-48"/>
      </object_component>
      <object_component id="oc-2a2">
         <name>.debug_info</name>
         <load_address>0x1141c</load_address>
         <run_address>0x1141c</run_address>
         <size>0x557</size>
         <input_file_ref idref="fl-49"/>
      </object_component>
      <object_component id="oc-21f">
         <name>.debug_info</name>
         <load_address>0x11973</load_address>
         <run_address>0x11973</run_address>
         <size>0x19a</size>
         <input_file_ref idref="fl-49"/>
      </object_component>
      <object_component id="oc-b9">
         <name>.debug_info</name>
         <load_address>0x11b0d</load_address>
         <run_address>0x11b0d</run_address>
         <size>0x13d</size>
         <input_file_ref idref="fl-4a"/>
      </object_component>
      <object_component id="oc-148">
         <name>.debug_info</name>
         <load_address>0x11c4a</load_address>
         <run_address>0x11c4a</run_address>
         <size>0x744</size>
         <input_file_ref idref="fl-4b"/>
      </object_component>
[...]
      </symbol>
      <symbol id="sm-3d9">
         <name>__TI_printfi</name>
         <value>0x8000d400</value>
         <object_component_ref idref="oc-192"/>
      </symbol>
      <symbol id="sm-3eb">
         <name>_args_main</name>
         <value>0x80017a40</value>
         <object_component_ref idref="oc-64"/>
      </symbol>
      <symbol id="sm-3ff">
         <name>atoi</name>
         <value>0x800165a0</value>
         <object_component_ref idref="oc-1ee"/>
      </symbol>
      <symbol id="sm-425">
         <name>_auto_init_elf</name>
         <value>0x80015d40</value>
         <object_component_ref idref="oc-76"/>
      </symbol>
      <symbol id="sm-43c">
         <name>copy_in</name>
         <value>0x800166a0</value>
         <object_component_ref idref="oc-b2"/>
      </symbol>
      <symbol id="sm-446">
         <name>_ctypes_</name>
         <value>0x80018f28</value>
         <object_component_ref idref="oc-265"/>
      </symbol>
      <symbol id="sm-456">
         <name>__TI_tmpnams</name>
         <value>0x80018de0</value>
      </symbol>
      <symbol id="sm-457">
         <name>_ftable</name>
         <value>0x8000cc00</value>
         <object_component_ref idref="oc-180"/>
      </symbol>
      <symbol id="sm-458">
         <name>__TI_ft_end</name>
         <value>0x8000d378</value>
         <object_component_ref idref="oc-358"/>
      </symbol>
      <symbol id="sm-477">
         <name>__c6xabi_divd</name>
         <value>0x80011f20</value>
         <object_component_ref idref="oc-279"/>
      </symbol>
      <symbol id="sm-495">
         <name>putc</name>
         <value>0x800148e0</value>
         <object_component_ref idref="oc-1e0"/>
      </symbol>
      <symbol id="sm-496">
         <name>fputc</name>
         <value>0x800148e0</value>
         <object_component_ref idref="oc-1e0"/>
      </symbol>
      <symbol id="sm-4c2">
         <name>fputs</name>
         <value>0x800137c0</value>
         <object_component_ref idref="oc-1e7"/>
      </symbol>
      <symbol id="sm-4d5">
         <name>__TI_frcmpyd_div</name>
         <value>0x80017980</value>
         <object_component_ref idref="oc-2de"/>
      </symbol>
      <symbol id="sm-4e9">
         <name>frexpl</name>
         <value>0x800153c0</value>
         <object_component_ref idref="oc-294"/>
      </symbol>
      <symbol id="sm-4ea">
         <name>frexp</name>
         <value>0x800153c0</value>
         <object_component_ref idref="oc-294"/>
      </symbol>
      <symbol id="sm-4fb">
         <name>__c6xabi_divul</name>
         <value>0x80015200</value>
         <object_component_ref idref="oc-271"/>
      </symbol>
      <symbol id="sm-517">
         <name>_subcull</name>
         <value>0x80017800</value>
         <object_component_ref idref="oc-2ce"/>
      </symbol>
      <symbol id="sm-518">
         <name>__c6xabi_divull</name>
         <value>0x80014440</value>
         <object_component_ref idref="oc-26b"/>
      </symbol>
      <symbol id="sm-521">
         <name>__c6xabi_isinf</name>
         <value>0x800179c0</value>
         <object_component_ref idref="oc-200"/>
      </symbol>
      <symbol id="sm-535">
         <name>ldexpl</name>
         <value>0x800158c0</value>
         <object_component_ref idref="oc-29a"/>
      </symbol>
      <symbol id="sm-536">
         <name>ldexp</name>
         <value>0x800158c0</value>
         <object_component_ref idref="oc-29a"/>
      </symbol>
      <symbol id="sm-552">
         <name>__c6xabi_llshru</name>
         <value>0x800177a0</value>
         <object_component_ref idref="oc-2d4"/>
      </symbol>
      <symbol id="sm-553">
         <name>__c6xabi_llshl</name>
         <value>0x800175c0</value>
         <object_component_ref idref="oc-2c8"/>
      </symbol>
      <symbol id="sm-5b7">
         <name>lseek</name>
         <value>0x80017860</value>
         <object_component_ref idref="oc-2ff"/>
      </symbol>
      <symbol id="sm-5b8">
         <name>write</name>
         <value>0x80017920</value>
         <object_component_ref idref="oc-255"/>
      </symbol>
      <symbol id="sm-5b9">
         <name>close</name>
         <value>0x80016880</value>
         <object_component_ref idref="oc-3b4"/>
      </symbol>
      <symbol id="sm-5ba">
         <name>unlink</name>
         <value>0x800176c0</value>
         <object_component_ref idref="oc-3ba"/>
      </symbol>
      <symbol id="sm-5ca">
         <name>ltoa</name>
         <value>0x80016a40</value>
         <object_component_ref idref="oc-27f"/>
      </symbol>
      <symbol id="sm-5db">
         <name>memccpy</name>
         <value>0x800178c0</value>
         <object_component_ref idref="oc-21e"/>
      </symbol>
      <symbol id="sm-5e4">
         <name>_system_post_cinit</name>
         <value>0x80017b00</value>
         <object_component_ref idref="oc-b8"/>
      </symbol>
      <symbol id="sm-5fd">
         <name>__TI_tls_init</name>
         <value>0x80017160</value>
         <object_component_ref idref="oc-be"/>
      </symbol>
      <symbol id="sm-66a">
         <name>HOSTrename</name>
         <value>0x80015580</value>
         <object_component_ref idref="oc-39f"/>
      </symbol>
      <symbol id="sm-66b">
         <name>HOSTclose</name>
         <value>0x80017220</value>
         <object_component_ref idref="oc-381"/>
      </symbol>
      <symbol id="sm-66c">
         <name>HOSTunlink</name>
         <value>0x80016da0</value>
         <object_component_ref idref="oc-399"/>
      </symbol>
      <symbol id="sm-66d">
         <name>HOSTlseek</name>
         <value>0x800163a0</value>
         <object_component_ref idref="oc-393"/>
      </symbol>
      <symbol id="sm-66e">
         <name>HOSTopen</name>
         <value>0x80014f20</value>
         <object_component_ref idref="oc-37b"/>
      </symbol>
      <symbol id="sm-66f">
         <name>HOSTwrite</name>
         <value>0x800167a0</value>
         <object_component_ref idref="oc-38d"/>
      </symbol>
      <symbol id="sm-670">
         <name>HOSTread</name>
         <value>0x80016ce0</value>
         <object_component_ref idref="oc-387"/>
      </symbol>
      <symbol id="sm-696">
         <name>__TI_readmsg</name>
         <value>0x80017540</value>
         <object_component_ref idref="oc-3d1"/>
      </symbol>
      <symbol id="sm-697">
         <name>C$$IO$$</name>
         <value>0x80017798</value>
         <object_component_ref idref="oc-3cb"/>
      </symbol>
      <symbol id="sm-698">
         <name>__CIOBUF_</name>
         <value>0x800190c8</value>
         <object_component_ref idref="oc-3eb"/>
      </symbol>
      <symbol id="sm-699">
         <name>__TI_writemsg</name>
         <value>0x80017740</value>
         <object_component_ref idref="oc-3cb"/>
      </symbol>
      <symbol id="sm-6af">
         <name>__TI_wrt_ok</name>
         <value>0x800164a0</value>
         <object_component_ref idref="oc-24f"/>
      </symbol>
      <symbol id="sm-6c0">
         <name>__errno</name>
         <value>0x8000d37c</value>
         <object_component_ref idref="oc-34c"/>
      </symbol>
      <symbol id="sm-6c1">
         <name>errno</name>
         <value>0x8000d37c</value>
         <object_component_ref idref="oc-34c"/>
      </symbol>
      <symbol id="sm-6c2">
         <name>__c6xabi_errno_addr</name>
         <value>0x80017a80</value>
         <object_component_ref idref="oc-2f3"/>
      </symbol>
      <symbol id="sm-6d1">
         <name>__TI_doflush</name>
         <value>0x80016e60</value>
         <object_component_ref idref="oc-25b"/>
      </symbol>
      <symbol id="sm-6e6">
         <name>fseek</name>
         <value>0x80016280</value>
         <object_component_ref idref="oc-2aa"/>
      </symbol>
      <symbol id="sm-700">
         <name>setvbuf</name>
         <value>0x80014b00</value>
         <object_component_ref idref="oc-2b0"/>
      </symbol>
      <symbol id="sm-713">
         <name>__TI_cleanup</name>
         <value>0x800172c0</value>
         <object_component_ref idref="oc-307"/>
      </symbol>
      <symbol id="sm-788">
         <name>_sys_memory</name>
         <value>0x800183a0</value>
         <object_component_ref idref="oc-38"/>
      </symbol>
      <symbol id="sm-789">
         <name>free</name>
         <value>0x80012f60</value>
         <object_component_ref idref="oc-30d"/>
      </symbol>
      <symbol id="sm-78a">
         <name>malloc</name>
         <value>0x80015a40</value>
         <object_component_ref idref="oc-313"/>
      </symbol>
      <symbol id="sm-78b">
         <name>_minit</name>
         <value>0x80017360</value>
         <object_component_ref idref="oc-372"/>
      </symbol>
      <symbol id="sm-7a1">
         <name>__TI_closefile</name>
         <value>0x80016000</value>
         <object_component_ref idref="oc-35b"/>
      </symbol>
      <symbol id="sm-818">
         <name>IntEventCombineRegister</name>
         <value>0x80011c98</value>
         <object_component_ref idref="oc-120"/>
      </symbol>
      <symbol id="sm-819">
         <name>IntEventMap</name>
         <value>0x800119fc</value>
         <object_component_ref idref="oc-120"/>
      </symbol>
      <symbol id="sm-81a">
         <name>_c674x_mask_int9_isr</name>
         <value>0x8000ff10</value>
         <object_component_ref idref="oc-3b"/>
      </symbol>
      <symbol id="sm-81b">
         <name>IntUnRegister</name>
         <value>0x800119d4</value>
         <object_component_ref idref="oc-120"/>
      </symbol>
      <symbol id="sm-81c">
         <name>IntEnable</name>
         <value>0x80011cc0</value>
         <object_component_ref idref="oc-120"/>
      </symbol>
      <symbol id="sm-81d">
         <name>_c674x_mask_int8_isr</name>
         <value>0x8000fd48</value>
         <object_component_ref idref="oc-3b"/>
      </symbol>
      <symbol id="sm-81e">
         <name>IntGlobalRestore</name>
         <value>0x80011d60</value>
         <object_component_ref idref="oc-120"/>
      </symbol>
      <symbol id="sm-81f">
         <name>_c674x_mask_int11_isr</name>
         <value>0x800102a0</value>
         <object_component_ref idref="oc-3b"/>
      </symbol>
      <symbol id="sm-820">
         <name>IntGlobalEnable</name>
         <value>0x80011d38</value>
         <object_component_ref idref="oc-120"/>
      </symbol>
      <symbol id="sm-821">
         <name>IntEventClear</name>
         <value>0x80011ab8</value>
         <object_component_ref idref="oc-120"/>
      </symbol>
      <symbol id="sm-822">
         <name>_c674x_mask_int7_isr</name>
         <value>0x8000fb84</value>
         <object_component_ref idref="oc-3b"/>
      </symbol>
      <symbol id="sm-823">
         <name>_c674x_mask_int10_isr</name>
         <value>0x800100d8</value>
         <object_component_ref idref="oc-3b"/>
      </symbol>
      <symbol id="sm-824">
         <name>_c674x_mask_int6_isr</name>
         <value>0x8000f9c0</value>
         <object_component_ref idref="oc-3b"/>
      </symbol>
      <symbol id="sm-825">
         <name>ExcCombineRemove</name>
         <value>0x80011de0</value>
         <object_component_ref idref="oc-120"/>
      </symbol>
      <symbol id="sm-826">
         <name>_c674x_mask_int13_isr</name>
         <value>0x80010628</value>
         <object_component_ref idref="oc-3b"/>
      </symbol>
      <symbol id="sm-827">
         <name>IntDisable</name>
         <value>0x80011cf0</value>
         <object_component_ref idref="oc-120"/>
      </symbol>
      <symbol id="sm-828">
         <name>IntRegister</name>
         <value>0x800119b0</value>
         <object_component_ref idref="oc-120"/>
      </symbol>
      <symbol id="sm-829">
         <name>ExcCombineAdd</name>
         <value>0x80011d98</value>
         <object_component_ref idref="oc-120"/>
      </symbol>
      <symbol id="sm-82a">
         <name>IntGlobalDisable</name>
         <value>0x80011d4c</value>
         <object_component_ref idref="oc-120"/>
      </symbol>
      <symbol id="sm-82b">
         <name>_c674x_rsvd_int3_isr</name>
         <value>0x8000f468</value>
         <object_component_ref idref="oc-3b"/>
      </symbol>
      <symbol id="sm-82c">
         <name>_c674x_nmi_isr</name>
         <value>0x8000f0e0</value>
         <object_component_ref idref="oc-3b"/>
      </symbol>
      <symbol id="sm-82d">
         <name>_c674x_mask_int5_isr</name>
         <value>0x8000f7f8</value>
         <object_component_ref idref="oc-3b"/>
      </symbol>
      <symbol id="sm-82e">
         <name>_c674x_mask_int12_isr</name>
         <value>0x80010464</value>
         <object_component_ref idref="oc-3b"/>
      </symbol>
      <symbol id="sm-82f">
         <name>ExcGlobalEnable</name>
         <value>0x80011d78</value>
         <object_component_ref idref="oc-120"/>
      </symbol>
      <symbol id="sm-830">
         <name>_c674x_rsvd_int2_isr</name>
         <value>0x8000f2a4</value>
         <object_component_ref idref="oc-3b"/>
      </symbol>
      <symbol id="sm-831">
         <name>_c674x_mask_int4_isr</name>
         <value>0x8000f630</value>
         <object_component_ref idref="oc-3b"/>
      </symbol>
      <symbol id="sm-832">
         <name>IntDSPINTCInit</name>
         <value>0x80011940</value>
         <object_component_ref idref="oc-120"/>
      </symbol>
      <symbol id="sm-833">
         <name>IntEventCombineInit</name>
         <value>0x80011af0</value>
         <object_component_ref idref="oc-120"/>
      </symbol>
      <symbol id="sm-834">
         <name>_c674x_mask_int15_isr</name>
         <value>0x800109b8</value>
         <object_component_ref idref="oc-3b"/>
      </symbol>
      <symbol id="sm-835">
         <name>IntEventSet</name>
         <value>0x80011a84</value>
         <object_component_ref idref="oc-120"/>
      </symbol>
      <symbol id="sm-836">
         <name>IntEventCombineAdd</name>
         <value>0x80011bf4</value>
         <object_component_ref idref="oc-120"/>
      </symbol>
      <symbol id="sm-837">
         <name>_c674x_mask_int14_isr</name>
         <value>0x800107f0</value>
         <object_component_ref idref="oc-3b"/>
      </symbol>
      <symbol id="sm-838">
         <name>IntEventCombineRemove</name>
         <value>0x80011c48</value>
         <object_component_ref idref="oc-120"/>
      </symbol>
      <symbol id="sm-839">
         <name>IntReset</name>
         <value>0x80011d24</value>
         <object_component_ref idref="oc-120"/>
      </symbol>
      <symbol id="sm-841">
         <name>_intcVectorTable</name>
         <value>0x80015000</value>
         <object_component_ref idref="oc-30"/>
      </symbol>
      <symbol id="sm-870">
         <name>UARTCharPutNonBlocking</name>
         <value>0x800127c8</value>
         <object_component_ref idref="oc-11a"/>
      </symbol>
      <symbol id="sm-871">
         <name>UARTDMAEnable</name>
         <value>0x8001262c</value>
         <object_component_ref idref="oc-11a"/>
      </symbol>
      <symbol id="sm-872">
         <name>UARTFIFODisable</name>
         <value>0x80012734</value>
         <object_component_ref idref="oc-11a"/>
      </symbol>
      <symbol id="sm-873">
         <name>UARTModemControlSet</name>
         <value>0x80012978</value>
         <object_component_ref idref="oc-11a"/>
      </symbol>
      <symbol id="sm-874">
         <name>UARTConfigSetExpClk</name>
         <value>0x800124e0</value>
         <object_component_ref idref="oc-11a"/>
      </symbol>
      <symbol id="sm-875">
         <name>UARTDisable</name>
         <value>0x800126f4</value>
         <object_component_ref idref="oc-11a"/>
      </symbol>
      <symbol id="sm-876">
         <name>UARTIntEnable</name>
         <value>0x800128c8</value>
         <object_component_ref idref="oc-11a"/>
      </symbol>
      <symbol id="sm-877">
         <name>UARTCharsAvail</name>
         <value>0x80012778</value>
         <object_component_ref idref="oc-11a"/>
      </symbol>
      <symbol id="sm-878">
         <name>UARTCharGetNonBlocking</name>
         <value>0x80012808</value>
         <object_component_ref idref="oc-11a"/>
      </symbol>
      <symbol id="sm-879">
         <name>UARTModemStatusGet</name>
         <value>0x80012a24</value>
         <object_component_ref idref="oc-11a"/>
      </symbol>
      <symbol id="sm-87a">
         <name>UARTIntDisable</name>
         <value>0x800128f0</value>
         <object_component_ref idref="oc-11a"/>
      </symbol>
      <symbol id="sm-87b">
         <name>UARTCharPut</name>
         <value>0x80012870</value>
         <object_component_ref idref="oc-11a"/>
      </symbol>
      <symbol id="sm-87c">
         <name>UARTParityModeSet</name>
         <value>0x8001266c</value>
         <object_component_ref idref="oc-11a"/>
      </symbol>
      <symbol id="sm-87d">
         <name>UARTRxErrorGet</name>
         <value>0x800127a8</value>
         <object_component_ref idref="oc-11a"/>
      </symbol>
      <symbol id="sm-87e">
         <name>UARTConfigGetExpClk</name>
         <value>0x80012574</value>
         <object_component_ref idref="oc-11a"/>
      </symbol>
      <symbol id="sm-87f">
         <name>UARTEnable</name>
         <value>0x800126d8</value>
         <object_component_ref idref="oc-11a"/>
      </symbol>
      <symbol id="sm-880">
         <name>UARTModemControlGet</name>
         <value>0x80012a04</value>
         <object_component_ref idref="oc-11a"/>
      </symbol>
      <symbol id="sm-881">
         <name>UARTFIFOEnable</name>
         <value>0x80012720</value>
         <object_component_ref idref="oc-11a"/>
      </symbol>
      <symbol id="sm-882">
         <name>UARTIntStatus</name>
         <value>0x80012918</value>
         <object_component_ref idref="oc-11a"/>
      </symbol>
      <symbol id="sm-883">
         <name>UARTDMADisable</name>
         <value>0x8001264c</value>
         <object_component_ref idref="oc-11a"/>
      </symbol>
      <symbol id="sm-884">
         <name>UARTSpaceAvail</name>
         <value>0x8001274c</value>
         <object_component_ref idref="oc-11a"/>
      </symbol>
      <symbol id="sm-885">
         <name>UARTCharGet</name>
         <value>0x80012834</value>
         <object_component_ref idref="oc-11a"/>
      </symbol>
      <symbol id="sm-886">
         <name>UARTFIFOLevelSet</name>
         <value>0x80012608</value>
         <object_component_ref idref="oc-11a"/>
      </symbol>
      <symbol id="sm-887">
         <name>UARTModemControlClear</name>
         <value>0x800129d0</value>
         <object_component_ref idref="oc-11a"/>
      </symbol>
      <symbol id="sm-888">
         <name>UARTParityModeGet</name>
         <value>0x800126b4</value>
         <object_component_ref idref="oc-11a"/>
      </symbol>
      <symbol id="sm-889">
         <name>UARTBreakCtl</name>
         <value>0x80012944</value>
         <object_component_ref idref="oc-11a"/>
      </symbol>
      <symbol id="sm-8a9">
         <name>PSCModuleControl</name>
         <value>0x80016140</value>
         <object_component_ref idref="oc-10e"/>
      </symbol>
      <symbol id="sm-8bf">
         <name>UARTPinMuxSetup</name>
         <value>0x80015bc0</value>
         <object_component_ref idref="oc-114"/>
      </symbol>
      <symbol id="sm-8c3">
         <name>__TI_STATIC_BASE</name>
         <value>0x8000d3b8</value>
      </symbol>
      <symbol id="sm-8c5">
         <name>__TI_INITARRAY_Limit</name>
         <value>0x0</value>
      </symbol>
      <symbol id="sm-8c6">
         <name>__TI_INITARRAY_Base</name>
         <value>0x0</value>
      </symbol>
      <symbol id="sm-8c7">
         <name>__TI_TLS_INIT_Base</name>
         <value>0x0</value>
      </symbol>
      <symbol id="sm-8c8">
         <name>__TI_TLS_INIT_Limit</name>
         <value>0x0</value>
      </symbol>
      <symbol id="sm-8c9">
         <name>remove</name>
         <value>0x800176c0</value>
      </symbol>
   </symbol_table>
   <title>Link successful</title>
</link_info>
