******************************************************************************
               TMS320C6x Linker Unix v8.2.0                    
******************************************************************************
>> Linked Mon Jun 12 07:20:48 2017

OUTPUT FILE NAME:   <UART-ECHO.out>
ENTRY POINT SYMBOL: "_c_int00"  address: 80017640


MEMORY CONFIGURATION

         name            origin    length      used     unused   attr    fill
----------------------  --------  ---------  --------  --------  ----  --------
  DSPL2ROM              00700000   00100000  00000000  00100000  RWIX
  DSPL2RAM              00800000   00040000  00000000  00040000  RWIX
  DSPL1PRAM             00e00000   00008000  00000000  00008000  RWIX
  DSPL1DRAM             00f00000   00008000  00000000  00008000  RWIX
  SHDSPL2ROM            11700000   00100000  00000000  00100000  RWIX
  SHDSPL2RAM            11800000   00040000  00000000  00040000  RWIX
  SHDSPL1PRAM           11e00000   00008000  00000000  00008000  RWIX
  SHDSPL1DRAM           11f00000   00008000  00000000  00008000  RWIX
  EMIFACS0              40000000   20000000  00000000  20000000  RWIX
  EMIFACS2              60000000   02000000  00000000  02000000  RWIX
  EMIFACS3              62000000   02000000  00000000  02000000  RWIX
  EMIFACS4              64000000   02000000  00000000  02000000  RWIX
  EMIFACS5              66000000   02000000  00000000  02000000  RWIX
  SHRAM                 80000000   00020000  00019274  00006d8c  RWIX
  DDR2                  c0000000   20000000  00000000  20000000  RWIX


SEGMENT ALLOCATION MAP

run origin  load origin   length   init length attrs members
----------  ----------- ---------- ----------- ----- -------
80000000    80000000    0000d380   00000000    rw-
  80000000    80000000    0000d380   00000000    rw- .fardata
8000d380    8000d380    00000038   00000038    r--
  8000d380    8000d380    00000038   00000038    r-- .switch
8000d3b8    8000d3b8    00000010   00000000    rw-
  8000d3b8    8000d3b8    00000010   00000000    rw- .neardata
8000d400    8000d400    0000a7a0   0000a7a0    r-x
  8000d400    8000d400    0000a7a0   0000a7a0    r-x .text
80017ba0    80017ba0    00001388   00000000    rw-
  80017ba0    80017ba0    00000800   00000000    rw- .stack
  800183a0    800183a0    00000800   00000000    rw- .sysmem
  80018ba0    80018ba0    00000388   00000000    rw- .far
80018f28    80018f28    0000019c   0000019c    r--
  80018f28    80018f28    0000019c   0000019c    r-- .const
800190c8    800190c8    00000120   00000000    rw-
  800190c8    800190c8    00000120   00000000    rw- .cio
800191e8    800191e8    000000c8   000000c8    r--
  800191e8    800191e8    000000c8   000000c8    r-- .cinit


SECTION ALLOCATION MAP

 output                                  attributes/
section   page    origin      length       input sections
--------  ----  ----------  ----------   ----------------
.fardata   0    80000000    0000d380     UNINITIALIZED
                  80000000    00004800     main.obj (.fardata:w_1)
                  80004800    00004800     main.obj (.fardata:w_2)
                  80009000    00001800     main.obj (.fardata:w_3)
                  8000a800    00001000     main.obj (.fardata:w_4)
                  8000b800    00000800     main.obj (.fardata:w_5)
                  8000c000    00000400     main.obj (.fardata:w_6)
                  8000c400    00000400     main.obj (.fardata:w_7)
                  8000c800    00000400     main.obj (.fardata:w_8)
                  8000cc00    000001e0     rts6740_elf.lib : defs.obj (.fardata:_ftable)
                  8000cde0    00000180     main.obj (.fardata:INTER_1)
                  8000cf60    00000180     main.obj (.fardata:INTER_2)
                  8000d0e0    000000c0     main.obj (.fardata:INPUT)
                  8000d1a0    000000a0     rts6740_elf.lib : lowlev.obj (.fardata:_stream)
                  8000d240    00000080     main.obj (.fardata:w_out)
                  8000d2c0    00000078     rts6740_elf.lib : lowlev.obj (.fardata:_device)
                  8000d338    00000024     main.obj (.fardata:txArray)
                  8000d35c    0000000c     rts6740_elf.lib : exit.obj (.fardata)
                  8000d368    00000008                     : memory.obj (.fardata)
                  8000d370    00000004                     : _lock.obj (.fardata:_lock)
                  8000d374    00000004                     : _lock.obj (.fardata:_unlock)
                  8000d378    00000004                     : defs.obj (.fardata)
                  8000d37c    00000004                     : errno.obj (.fardata)

.text      0    8000d400    0000a7a0     
                  8000d400    00001ce0     rts6740_elf.lib : _printfi.obj (.text:__TI_printfi)
                  8000f0e0    00001aa0     system_config.lib : interrupt.obj (.text:retain)
                  80010b80    00000740     main.obj (.text)
                  800112c0    00000680     rts6740_elf.lib : _printfi.obj (.text:_pconv_a)
                  80011940    000005e0     system_config.lib : interrupt.obj (.text)
                  80011f20    000005c0     rts6740_elf.lib : divd.obj (.text:__c6xabi_divd)
                  800124e0    00000580     drivers.lib : uart.obj (.text)
                  80012a60    00000500     rts6740_elf.lib : _printfi.obj (.text:_pconv_g)
                  80012f60    00000440                     : memory.obj (.text:free)
                  800133a0    00000420                     : _printfi.obj (.text:_pconv_e)
                  800137c0    000003e0                     : fputs.obj (.text:fputs)
                  80013ba0    00000360     DSPF_sp_mat_mul.obj (.text:optimized)
                  80013f00    000002a0     rts6740_elf.lib : _printfi.obj (.text:_pconv_f)
                  800141a0    000002a0                     : _printfi.obj (.text:fcvt)
                  80014440    00000260                     : imath64.obj (.text:__c6xabi_divull)
                  800146a0    00000240     DSPF_sp_mat_mul_opt.obj (.text:intrinsic)
                  800148e0    00000220     rts6740_elf.lib : fputc.obj (.text:fputc)
                  80014b00    00000220                     : setvbuf.obj (.text:setvbuf)
                  80014d20    00000200                     : _printfi.obj (.text:_ltostr)
                  80014f20    000000e0                     : trgdrv.obj (.text:HOSTopen)
                  80015000    00000200     system_config.lib : intvecs.obj (.text)
                  80015200    000001c0     rts6740_elf.lib : imath40.obj (.text:__c6xabi_divul)
                  800153c0    000001c0                     : frexp.obj (.text:frexp)
                  80015580    000001a0                     : trgdrv.obj (.text:HOSTrename)
                  80015720    000001a0                     : lowlev.obj (.text:getdevice)
                  800158c0    00000180                     : ldexp.obj (.text:ldexp)
                  80015a40    00000180                     : memory.obj (.text:malloc)
                  80015bc0    00000180     platform.lib : uart.obj (.text)
                  80015d40    00000160     rts6740_elf.lib : autoinit.obj (.text:_auto_init_elf)
                  80015ea0    00000160                     : copy_decompress_lzss.obj (.text:decompress:lzss:__TI_decompress_lzss)
                  80016000    00000140                     : fclose.obj (.text:__TI_closefile)
                  80016140    00000140     drivers.lib : psc.obj (.text)
                  80016280    00000120     rts6740_elf.lib : fseek.obj (.text:fseek)
                  800163a0    00000100                     : trgdrv.obj (.text:HOSTlseek)
                  800164a0    00000100                     : _io_perm.obj (.text:__TI_wrt_ok)
                  800165a0    00000100                     : atoi.obj (.text:atoi)
                  800166a0    00000100                     : cpy_tbl.obj (.text:copy_in)
                  800167a0    000000e0                     : trgdrv.obj (.text:HOSTwrite)
                  80016880    000000e0                     : lowlev.obj (.text:close)
                  80016960    000000e0                     : exit.obj (.text:exit)
                  80016a40    000000e0                     : ltoa.obj (.text:ltoa)
                  80016b20    000000e0                     : memset.obj (.text:memset)
                  80016c00    000000e0                     : printf.obj (.text:printf)
                  80016ce0    000000c0                     : trgdrv.obj (.text:HOSTread)
                  80016da0    000000c0                     : trgdrv.obj (.text:HOSTunlink)
                  80016e60    000000c0                     : fflush.obj (.text:__TI_doflush)
                  80016f20    000000c0                     : divu.obj (.text:__divu)
                  80016fe0    000000c0                     : _printfi.obj (.text:_ecpy)
                  800170a0    000000c0                     : memory.obj (.text:mremove)
                  80017160    000000c0                     : tls.obj (.text:tls:init:__TI_tls_init)
                  80017220    000000a0                     : trgdrv.obj (.text:HOSTclose)
                  800172c0    000000a0                     : fopen.obj (.text:__TI_cleanup)
                  80017360    000000a0                     : memory.obj (.text:_minit)
                  80017400    000000a0                     : memcpy64.obj (.text:memcpy)
                  800174a0    000000a0                     : memory.obj (.text:minsert)
                  80017540    00000080                     : trgmsg.obj (.text:__TI_readmsg)
                  800175c0    00000080                     : llshift.obj (.text:__c6xabi_llshl)
                  80017640    00000080                     : boot.obj (.text:_c_int00)
                  800176c0    00000080                     : lowlev.obj (.text:unlink)
                  80017740    00000060                     : trgmsg.obj (.text:__TI_writemsg)
                  800177a0    00000060                     : llshift.obj (.text:__c6xabi_llshru)
                  80017800    00000060                     : imath64.obj (.text:_subcull)
                  80017860    00000060                     : lowlev.obj (.text:lseek)
                  800178c0    00000060                     : memccpy.obj (.text:memccpy)
                  80017920    00000060                     : lowlev.obj (.text:write)
                  80017980    00000040                     : frcmpyd_div.obj (.text:__TI_frcmpyd_div)
                  800179c0    00000040                     : isinf.obj (.text:__c6xabi_isinf)
                  80017a00    00000040                     : _printfi.obj (.text:__c6xabi_isnan)
                  80017a40    00000040                     : args_main.obj (.text:_args_main)
                  80017a80    00000020                     : errno.obj (.text:__c6xabi_errno_addr)
                  80017aa0    00000020                     : _lock.obj (.text:_nop)
                  80017ac0    00000020                     : printf.obj (.text:_outc)
                  80017ae0    00000020                     : printf.obj (.text:_outs)
                  80017b00    00000020                     : startup.obj (.text:_system_post_cinit)
                  80017b20    00000020                     : pre_init.obj (.text:_system_pre_init)
                  80017b40    00000020                     : exit.obj (.text:abort)
                  80017b60    00000020                     : copy_zero_init.obj (.text:decompress:ZI:__TI_zero_init)
                  80017b80    00000020                     : copy_decompress_none.obj (.text:decompress:none:__TI_decompress_none)

.stack     0    80017ba0    00000800     UNINITIALIZED
                  80017ba0    00000008     rts6740_elf.lib : boot.obj (.stack)
                  80017ba8    000007f8     --HOLE--

.const     0    80018f28    0000019c     
                  80018f28    00000101     rts6740_elf.lib : ctype.obj (.const:.string:_ctypes_)
                  80019029    00000003     --HOLE-- [fill = 0]
                  8001902c    00000074     main.obj (.const:.string)
                  800190a0    00000024     rts6740_elf.lib : _printfi.obj (.const:.string)

.cio       0    800190c8    00000120     UNINITIALIZED
                  800190c8    00000120     rts6740_elf.lib : trgmsg.obj (.cio)

.switch    0    8000d380    00000038     
                  8000d380    00000038     rts6740_elf.lib : _printfi.obj (.switch:__TI_printfi)

.sysmem    0    800183a0    00000800     UNINITIALIZED
                  800183a0    00000008     rts6740_elf.lib : memory.obj (.sysmem)
                  800183a8    000007f8     --HOLE--

.far       0    80018ba0    00000388     UNINITIALIZED
                  80018ba0    00000240     system_config.lib : interrupt.obj (.far)
                  80018de0    00000140     (.common:__TI_tmpnams)
                  80018f20    00000008     rts6740_elf.lib : trgdrv.obj (.far:parmbuf)

.cinit     0    800191e8    000000c8     
                  800191e8    0000008f     (.cinit..fardata.load) [load image, compression = lzss]
                  80019277    00000001     --HOLE-- [fill = 0]
                  80019278    0000000c     (__TI_handler_table)
                  80019284    00000008     (.cinit..far.load) [load image, compression = zero_init]
                  8001928c    00000007     (.cinit..neardata.load) [load image, compression = lzss]
                  80019293    00000005     --HOLE-- [fill = 0]
                  80019298    00000018     (__TI_cinit_table)

.init_array 
*          0    80000000    00000000     UNINITIALIZED

.neardata 
*          0    8000d3b8    00000010     UNINITIALIZED
                  8000d3b8    00000010     main.obj (.neardata)

MODULE SUMMARY

       Module                     code    ro data   rw data
       ------                     ----    -------   -------
    ./
       main.obj                   1856    116       53364  
       DSPF_sp_mat_mul.obj        864     0         0      
       DSPF_sp_mat_mul_opt.obj    576     0         0      
    +--+--------------------------+-------+---------+---------+
       Total:                     3296    116       53364  
                                                           
    /opt/ti/OMAPL138_StarterWare_1_10_04_01/binary/c674x/cgt_ccs/omapl138/drivers/Debug/drivers.lib
       uart.obj                   1408    0         0      
       psc.obj                    320     0         0      
    +--+--------------------------+-------+---------+---------+
       Total:                     1728    0         0      
                                                           
    /opt/ti/OMAPL138_StarterWare_1_10_04_01/binary/c674x/cgt_ccs/omapl138/lcdkOMAPL138/platform/Debug/platform.lib
       uart.obj                   384     0         0      
    +--+--------------------------+-------+---------+---------+
       Total:                     384     0         0      
                                                           
    /opt/ti/OMAPL138_StarterWare_1_10_04_01/binary/c674x/cgt_ccs/omapl138/system_config/Debug/system_config.lib
       interrupt.obj              8320    0         576    
       intvecs.obj                512     0         0      
    +--+--------------------------+-------+---------+---------+
       Total:                     8832    0         576    
                                                           
    /opt/ti/ccsv7/tools/compiler/ti-cgt-c6000_8.2.0/lib/rts6740_elf.lib
       _printfi.obj               13504   92        0      
       memory.obj                 1984    0         8      
       trgdrv.obj                 1664    0         8      
       divd.obj                   1472    0         0      
       lowlev.obj                 960     0         280    
       fputs.obj                  992     0         0      
       defs.obj                   0       0         804    
       imath64.obj                704     0         0      
       fputc.obj                  544     0         0      
       setvbuf.obj                544     0         0      
       trgmsg.obj                 224     0         288    
       frexp.obj                  448     0         0      
       imath40.obj                448     0         0      
       ldexp.obj                  384     0         0      
       autoinit.obj               352     0         0      
       copy_decompress_lzss.obj   352     0         0      
       fclose.obj                 320     0         0      
       fseek.obj                  288     0         0      
       printf.obj                 288     0         0      
       exit.obj                   256     0         12     
       ctype.obj                  0       257       0      
       _io_perm.obj               256     0         0      
       atoi.obj                   256     0         0      
       cpy_tbl.obj                256     0         0      
       llshift.obj                224     0         0      
       ltoa.obj                   224     0         0      
       memset.obj                 224     0         0      
       divu.obj                   192     0         0      
       fflush.obj                 192     0         0      
       tls.obj                    192     0         0      
       fopen.obj                  160     0         0      
       memcpy64.obj               160     0         0      
       boot.obj                   128     0         0      
       memccpy.obj                96      0         0      
       args_main.obj              64      0         0      
       frcmpyd_div.obj            64      0         0      
       isinf.obj                  64      0         0      
       _lock.obj                  32      0         8      
       errno.obj                  32      0         4      
       copy_decompress_none.obj   32      0         0      
       copy_zero_init.obj         32      0         0      
       pre_init.obj               32      0         0      
       startup.obj                32      0         0      
    +--+--------------------------+-------+---------+---------+
       Total:                     28672   349       1412   
                                                           
       Heap:                      0       0         2048   
       Stack:                     0       0         2048   
       Linker Generated:          0       194       0      
    +--+--------------------------+-------+---------+---------+
       Grand Total:               42912   659       59448  


LINKER GENERATED COPY TABLES

__TI_cinit_table @ 80019298 records: 3, size/record: 8, table size: 24
	.fardata: load addr=800191e8, load size=0000008f bytes, run addr=80000000, run size=0000d380 bytes, compression=lzss
	.far: load addr=80019284, load size=00000008 bytes, run addr=80018ba0, run size=00000388 bytes, compression=zero_init
	.neardata: load addr=8001928c, load size=00000007 bytes, run addr=8000d3b8, run size=00000010 bytes, compression=lzss


LINKER GENERATED HANDLER TABLE

__TI_handler_table @ 80019278 records: 3, size/record: 4, table size: 12
	index: 0, handler: __TI_zero_init
	index: 1, handler: __TI_decompress_lzss
	index: 2, handler: __TI_decompress_none


GLOBAL SYMBOLS: SORTED ALPHABETICALLY BY Name 

address   name                           
-------   ----                           
80017b40  C$$EXIT                        
80017798  C$$IO$$                        
80013ba0  DSPF_sp_mat_mul                
800146a0  DSPF_sp_mat_mul_opt            
80011d98  ExcCombineAdd                  
80011de0  ExcCombineRemove               
80011d78  ExcGlobalEnable                
80017220  HOSTclose                      
800163a0  HOSTlseek                      
80014f20  HOSTopen                       
80016ce0  HOSTread                       
80015580  HOSTrename                     
80016da0  HOSTunlink                     
800167a0  HOSTwrite                      
80011940  IntDSPINTCInit                 
80011cf0  IntDisable                     
80011cc0  IntEnable                      
80011ab8  IntEventClear                  
80011bf4  IntEventCombineAdd             
80011af0  IntEventCombineInit            
80011c98  IntEventCombineRegister        
80011c48  IntEventCombineRemove          
800119fc  IntEventMap                    
80011a84  IntEventSet                    
80011d4c  IntGlobalDisable               
80011d38  IntGlobalEnable                
80011d60  IntGlobalRestore               
800119b0  IntRegister                    
80011d24  IntReset                       
800119d4  IntUnRegister                  
80016140  PSCModuleControl               
80012944  UARTBreakCtl                   
80012834  UARTCharGet                    
80012808  UARTCharGetNonBlocking         
80012870  UARTCharPut                    
800127c8  UARTCharPutNonBlocking         
80012778  UARTCharsAvail                 
80012574  UARTConfigGetExpClk            
800124e0  UARTConfigSetExpClk            
8001264c  UARTDMADisable                 
8001262c  UARTDMAEnable                  
800126f4  UARTDisable                    
800126d8  UARTEnable                     
80012734  UARTFIFODisable                
80012720  UARTFIFOEnable                 
80012608  UARTFIFOLevelSet               
800128f0  UARTIntDisable                 
800128c8  UARTIntEnable                  
80012918  UARTIntStatus                  
800129d0  UARTModemControlClear          
80012a04  UARTModemControlGet            
80012978  UARTModemControlSet            
80012a24  UARTModemStatusGet             
800126b4  UARTParityModeGet              
8001266c  UARTParityModeSet              
80015bc0  UARTPinMuxSetup                
800127a8  UARTRxErrorGet                 
8001274c  UARTSpaceAvail                 
800190c8  __CIOBUF_                      
80019298  __TI_CINIT_Base                
800192b0  __TI_CINIT_Limit               
80019278  __TI_Handler_Table_Base        
80019284  __TI_Handler_Table_Limit       
UNDEFED   __TI_INITARRAY_Base            
UNDEFED   __TI_INITARRAY_Limit           
800183a0  __TI_STACK_END                 
00000800  __TI_STACK_SIZE                
8000d3b8  __TI_STATIC_BASE               
00000800  __TI_SYSMEM_SIZE               
UNDEFED   __TI_TLS_INIT_Base             
UNDEFED   __TI_TLS_INIT_Limit            
800172c0  __TI_cleanup                   
8000d35c  __TI_cleanup_ptr               
80016000  __TI_closefile                 
80015ea0  __TI_decompress_lzss           
80017b80  __TI_decompress_none           
80016e60  __TI_doflush                   
8000d360  __TI_dtors_ptr                 
8000d364  __TI_enable_exit_profile_output
80017980  __TI_frcmpyd_div               
8000d378  __TI_ft_end                    
ffffffff  __TI_pprof_out_hndl            
8000d400  __TI_printfi                   
ffffffff  __TI_prof_data_size            
ffffffff  __TI_prof_data_start           
80017540  __TI_readmsg                   
80017160  __TI_tls_init                  
80018de0  __TI_tmpnams                   
80017740  __TI_writemsg                  
800164a0  __TI_wrt_ok                    
80017b60  __TI_zero_init                 
ffffffff  __binit__                      
80011f20  __c6xabi_divd                  
80016f20  __c6xabi_divu                  
80015200  __c6xabi_divul                 
80014440  __c6xabi_divull                
80017a80  __c6xabi_errno_addr            
800179c0  __c6xabi_isinf                 
800175c0  __c6xabi_llshl                 
800177a0  __c6xabi_llshru                
ffffffff  __c_args__                     
80016f20  __divu                         
8000d37c  __errno                        
80017a40  _args_main                     
80015d40  _auto_init_elf                 
800100d8  _c674x_mask_int10_isr          
800102a0  _c674x_mask_int11_isr          
80010464  _c674x_mask_int12_isr          
80010628  _c674x_mask_int13_isr          
800107f0  _c674x_mask_int14_isr          
800109b8  _c674x_mask_int15_isr          
8000f630  _c674x_mask_int4_isr           
8000f7f8  _c674x_mask_int5_isr           
8000f9c0  _c674x_mask_int6_isr           
8000fb84  _c674x_mask_int7_isr           
8000fd48  _c674x_mask_int8_isr           
8000ff10  _c674x_mask_int9_isr           
8000f0e0  _c674x_nmi_isr                 
8000f2a4  _c674x_rsvd_int2_isr           
8000f468  _c674x_rsvd_int3_isr           
80017640  _c_int00                       
80018f28  _ctypes_                       
8000cc00  _ftable                        
80015000  _intcVectorTable               
8000d370  _lock                          
80017360  _minit                         
80017aa0  _nop                           
80017ba0  _stack                         
80017800  _subcull                       
800183a0  _sys_memory                    
80017b00  _system_post_cinit             
80017b20  _system_pre_init               
8000d374  _unlock                        
80017b40  abort                          
800165a0  atoi                           
ffffffff  binit                          
8000d3bc  bytes_read                     
80016880  close                          
800166a0  copy_in                        
8000d37c  errno                          
80016960  exit                           
800148e0  fputc                          
800137c0  fputs                          
80012f60  free                           
800153c0  frexp                          
800153c0  frexpl                         
80016280  fseek                          
800158c0  ldexp                          
800158c0  ldexpl                         
80017860  lseek                          
80016a40  ltoa                           
80010b80  main                           
80015a40  malloc                         
800178c0  memccpy                        
80017400  memcpy                         
80016b20  memset                         
80016c00  printf                         
800148e0  putc                           
800176c0  remove                         
80014b00  setvbuf                        
8000d338  txArray                        
800176c0  unlink                         
80017920  write                          


GLOBAL SYMBOLS: SORTED BY Symbol Address 

address   name                           
-------   ----                           
00000800  __TI_STACK_SIZE                
00000800  __TI_SYSMEM_SIZE               
8000cc00  _ftable                        
8000d338  txArray                        
8000d35c  __TI_cleanup_ptr               
8000d360  __TI_dtors_ptr                 
8000d364  __TI_enable_exit_profile_output
8000d370  _lock                          
8000d374  _unlock                        
8000d378  __TI_ft_end                    
8000d37c  __errno                        
8000d37c  errno                          
8000d3b8  __TI_STATIC_BASE               
8000d3bc  bytes_read                     
8000d400  __TI_printfi                   
8000f0e0  _c674x_nmi_isr                 
8000f2a4  _c674x_rsvd_int2_isr           
8000f468  _c674x_rsvd_int3_isr           
8000f630  _c674x_mask_int4_isr           
8000f7f8  _c674x_mask_int5_isr           
8000f9c0  _c674x_mask_int6_isr           
8000fb84  _c674x_mask_int7_isr           
8000fd48  _c674x_mask_int8_isr           
8000ff10  _c674x_mask_int9_isr           
800100d8  _c674x_mask_int10_isr          
800102a0  _c674x_mask_int11_isr          
80010464  _c674x_mask_int12_isr          
80010628  _c674x_mask_int13_isr          
800107f0  _c674x_mask_int14_isr          
800109b8  _c674x_mask_int15_isr          
80010b80  main                           
80011940  IntDSPINTCInit                 
800119b0  IntRegister                    
800119d4  IntUnRegister                  
800119fc  IntEventMap                    
80011a84  IntEventSet                    
80011ab8  IntEventClear                  
80011af0  IntEventCombineInit            
80011bf4  IntEventCombineAdd             
80011c48  IntEventCombineRemove          
80011c98  IntEventCombineRegister        
80011cc0  IntEnable                      
80011cf0  IntDisable                     
80011d24  IntReset                       
80011d38  IntGlobalEnable                
80011d4c  IntGlobalDisable               
80011d60  IntGlobalRestore               
80011d78  ExcGlobalEnable                
80011d98  ExcCombineAdd                  
80011de0  ExcCombineRemove               
80011f20  __c6xabi_divd                  
800124e0  UARTConfigSetExpClk            
80012574  UARTConfigGetExpClk            
80012608  UARTFIFOLevelSet               
8001262c  UARTDMAEnable                  
8001264c  UARTDMADisable                 
8001266c  UARTParityModeSet              
800126b4  UARTParityModeGet              
800126d8  UARTEnable                     
800126f4  UARTDisable                    
80012720  UARTFIFOEnable                 
80012734  UARTFIFODisable                
8001274c  UARTSpaceAvail                 
80012778  UARTCharsAvail                 
800127a8  UARTRxErrorGet                 
800127c8  UARTCharPutNonBlocking         
80012808  UARTCharGetNonBlocking         
80012834  UARTCharGet                    
80012870  UARTCharPut                    
800128c8  UARTIntEnable                  
800128f0  UARTIntDisable                 
80012918  UARTIntStatus                  
80012944  UARTBreakCtl                   
80012978  UARTModemControlSet            
800129d0  UARTModemControlClear          
80012a04  UARTModemControlGet            
80012a24  UARTModemStatusGet             
80012f60  free                           
800137c0  fputs                          
80013ba0  DSPF_sp_mat_mul                
80014440  __c6xabi_divull                
800146a0  DSPF_sp_mat_mul_opt            
800148e0  fputc                          
800148e0  putc                           
80014b00  setvbuf                        
80014f20  HOSTopen                       
80015000  _intcVectorTable               
80015200  __c6xabi_divul                 
800153c0  frexp                          
800153c0  frexpl                         
80015580  HOSTrename                     
800158c0  ldexp                          
800158c0  ldexpl                         
80015a40  malloc                         
80015bc0  UARTPinMuxSetup                
80015d40  _auto_init_elf                 
80015ea0  __TI_decompress_lzss           
80016000  __TI_closefile                 
80016140  PSCModuleControl               
80016280  fseek                          
800163a0  HOSTlseek                      
800164a0  __TI_wrt_ok                    
800165a0  atoi                           
800166a0  copy_in                        
800167a0  HOSTwrite                      
80016880  close                          
80016960  exit                           
80016a40  ltoa                           
80016b20  memset                         
80016c00  printf                         
80016ce0  HOSTread                       
80016da0  HOSTunlink                     
80016e60  __TI_doflush                   
80016f20  __c6xabi_divu                  
80016f20  __divu                         
80017160  __TI_tls_init                  
80017220  HOSTclose                      
800172c0  __TI_cleanup                   
80017360  _minit                         
80017400  memcpy                         
80017540  __TI_readmsg                   
800175c0  __c6xabi_llshl                 
80017640  _c_int00                       
800176c0  remove                         
800176c0  unlink                         
80017740  __TI_writemsg                  
80017798  C$$IO$$                        
800177a0  __c6xabi_llshru                
80017800  _subcull                       
80017860  lseek                          
800178c0  memccpy                        
80017920  write                          
80017980  __TI_frcmpyd_div               
800179c0  __c6xabi_isinf                 
80017a40  _args_main                     
80017a80  __c6xabi_errno_addr            
80017aa0  _nop                           
80017b00  _system_post_cinit             
80017b20  _system_pre_init               
80017b40  C$$EXIT                        
80017b40  abort                          
80017b60  __TI_zero_init                 
80017b80  __TI_decompress_none           
80017ba0  _stack                         
800183a0  __TI_STACK_END                 
800183a0  _sys_memory                    
80018de0  __TI_tmpnams                   
80018f28  _ctypes_                       
800190c8  __CIOBUF_                      
80019278  __TI_Handler_Table_Base        
80019284  __TI_Handler_Table_Limit       
80019298  __TI_CINIT_Base                
800192b0  __TI_CINIT_Limit               
ffffffff  __TI_pprof_out_hndl            
ffffffff  __TI_prof_data_size            
ffffffff  __TI_prof_data_start           
ffffffff  __binit__                      
ffffffff  __c_args__                     
ffffffff  binit                          
UNDEFED   __TI_INITARRAY_Base            
UNDEFED   __TI_INITARRAY_Limit           
UNDEFED   __TI_TLS_INIT_Base             
UNDEFED   __TI_TLS_INIT_Limit            

[163 symbols]
